go : main.go:56:2: 
package 
safecast-new-map/pkg/api 
is not in std (C:\Program 
Files\Go\src\safecast-new-
map\pkg\api)
At line:1 char:1
+ go build -o 
safecast-new-map.exe . 2> 
build.log
+ ~~~~~~~~~~~~~~~~~~~~~~~~
~~~~~~~~~~~~~~~~~~~~~~~
    + CategoryInfo        
      : NotSpecified: (m  
  ain.go:56:2: p...ew-m   
 ap\pkg\api):String) [    
], RemoteException
    + FullyQualifiedError 
   Id : NativeCommandErr  
  or
 
main.go:69:2: package 
safecast-new-map/pkg/web 
is not in std (C:\Program 
Files\Go\src\safecast-new-
map\pkg\web)
