2026/01/14 22:06:05 PostgreSQL connection pool tuned: MaxOpenConns=64 (4×16 CPU cores), idle_timeout=2m, lifetime=5m
2026/01/14 22:06:05 Using database driver: pgx with DSN: postgres://postgres:@127.0.0.1:5432/safecast?sslmode=prefer
2026/01/14 22:06:05 Authentication system enabled
2026/01/14 22:06:05 realtime poller start: url=https://tt.safecast.org/devices interval=5m0s
2026/01/14 22:06:05 [safecast-fetcher] start: interval=5m0s batch=10 start_date= backfill=false newest_first=false
2026/01/14 22:06:05 safecast API fetcher enabled: interval=5m0s batch=10 start_date= backfill=false newest_first=false
2026/01/14 22:06:05 json archive disabled: set -json-archive-path to enable tarball generation
2026/01/14 22:06:05 ⏳ background index build scheduled (engine=pgx). Listeners are up; pages may be slower until indexes are ready.
2026/01/14 22:06:05 ⏳ background index build scheduled (engine=pgx). Listeners are up; pages may be slower until indexes are ready.
2026/01/14 22:06:05 HTTP server ➜ http://localhost:8765
2026/01/14 22:06:05 [safecast-fetcher] poll: checking for imports after ID 70103
2026/01/14 22:06:05 [safecast-fetcher] page 1: fetched 25 imports (IDs 70103-70055)
2026/01/14 22:06:05 [safecast-fetcher] page 1: found 0 new imports
2026/01/14 22:06:06 [safecast-fetcher] page 2: fetched 25 imports (IDs 70054-70006)
2026/01/14 22:06:06 [safecast-fetcher] page 2: found 0 new imports
2026/01/14 22:06:06 [safecast-fetcher] page 3: fetched 25 imports (IDs 70003-69956)
2026/01/14 22:06:06 [safecast-fetcher] page 3: found 0 new imports
2026/01/14 22:06:06 [safecast-fetcher] page 4: fetched 25 imports (IDs 69955-69873)
2026/01/14 22:06:06 [safecast-fetcher] page 4: found 0 new imports
2026/01/14 22:06:06 [safecast-fetcher] page 5: fetched 25 imports (IDs 69872-69841)
2026/01/14 22:06:06 [safecast-fetcher] page 5: found 0 new imports
2026/01/14 22:06:06 [safecast-fetcher] normal mode: stopped after 5 pages
2026/01/14 22:06:06 [safecast-fetcher] poll: found 0 new approved imports
2026/01/14 22:06:10 realtime fetch: devices 1502
2026/01/14 22:06:10 realtime sample: id=geigiecast:61099 name="" lat=22.318070 lon=114.157710 val=53.000000 unit=lnd_7318u
2026/01/14 22:06:11 realtime poll: devices 113 stored 358 next=5m0s
2026/01/14 22:06:11 realtime summary: ??:1 avg=0.09 Canada (CA):3 avg=0.08 Georgia (GE):1 avg=0.09 Germany (DE):1 avg=0.13 Japan (JP):26 avg=0.22 Switzerland (CH):1 avg=0.12 Taiwan (TW):2 avg=0.13 Ukraine (UA):56 avg=0.15 United States of America (US):22 avg=0.10 added=113 removed=0
2026/01/14 22:06:24 ✅ track registry ready for fast pagination
2026/01/14 22:06:24 ▶️  start index idx_markers_zoom_bounds
2026/01/14 22:06:24 ✅ index idx_markers_zoom_bounds ready in 99ms
2026/01/14 22:06:24 ▶️  start index idx_markers_trackid_zoom_bounds
2026/01/14 22:06:24 ✅ index idx_markers_trackid_zoom_bounds ready in 1ms
2026/01/14 22:06:24 ▶️  start index idx_markers_zoom_bounds_speed
2026/01/14 22:06:24 ✅ index idx_markers_zoom_bounds_speed ready in 1ms
2026/01/14 22:06:24 ▶️  start index idx_markers_identity_probe
2026/01/14 22:06:24 ✅ index idx_markers_identity_probe ready in 1ms
2026/01/14 22:06:24 ▶️  start index idx_markers_trackid
2026/01/14 22:06:24 ✅ index idx_markers_trackid ready in 1ms
2026/01/14 22:06:24 ▶️  start index idx_markers_date_trackid
2026/01/14 22:06:24 ✅ index idx_markers_date_trackid ready in 1ms
2026/01/14 22:06:24 ▶️  start index idx_markers_date_trackid_id
2026/01/14 22:06:24 ✅ index idx_markers_date_trackid_id ready in 1ms
2026/01/14 22:06:24 ▶️  start index idx_markers_trackid_date
2026/01/14 22:06:24 ✅ index idx_markers_trackid_date ready in 1ms
2026/01/14 22:06:24 ▶️  start index idx_markers_trackid_id
2026/01/14 22:06:24 ✅ index idx_markers_trackid_id ready in 1ms
2026/01/14 22:06:24 ▶️  start index idx_markers_date
2026/01/14 22:06:24 ✅ index idx_markers_date ready in 1ms
2026/01/14 22:06:24 ▶️  start index idx_markers_zoom_date
2026/01/14 22:06:24 ✅ index idx_markers_zoom_date ready in 0s
2026/01/14 22:06:24 ▶️  start index idx_markers_speed
2026/01/14 22:06:24 ✅ index idx_markers_speed ready in 1ms
2026/01/14 22:06:24 ▶️  start index idx_tracks_trackid
2026/01/14 22:06:24 ✅ index idx_tracks_trackid ready in 0s
2026/01/14 22:06:24 ▶️  start index idx_realtime_device_fetched
2026/01/14 22:06:24 ✅ index idx_realtime_device_fetched ready in 1ms
2026/01/14 22:06:24 ▶️  start index idx_realtime_device_fetched_desc
2026/01/14 22:06:24 ✅ index idx_realtime_device_fetched_desc ready in 1ms
2026/01/14 22:06:24 ▶️  start index idx_realtime_bounds
2026/01/14 22:06:24 ✅ index idx_realtime_bounds ready in 1ms
