# NEW LOG
# format=BNRDD
# deadtime=on
# device_id=65002
# channels=1
# device_model=bGeigieZen
# firmware_version=3.4.1
# location=Mitsue Village, Nara Prefecture, Japan
# event=Yamato-hime Marathon 2026-05-08
$BNRDD,65002,2026-05-08T01:15:00Z,30,2,2,A,3430.8118,N,13612.1146,E,510.0,A,9,1*74
$BNRDD,65002,2026-05-08T01:15:05Z,29,2,4,A,3430.8143,N,13612.1232,E,509.7,A,8,1*7F
$BNRDD,65002,2026-05-08T01:15:10Z,31,3,7,A,3430.8169,N,13612.1317,E,509.4,A,7,1*72
$BNRDD,65002,2026-05-08T01:15:15Z,35,3,10,A,3430.8195,N,13612.1402,E,509.1,A,10,1*76
$BNRDD,65002,2026-05-08T01:15:20Z,31,3,13,A,3430.8222,N,13612.1487,E,508.8,A,8,1*44
$BNRDD,65002,2026-05-08T01:15:25Z,30,2,15,A,3430.8249,N,13612.1572,E,508.5,A,7,1*43
$BNRDD,65002,2026-05-08T01:15:30Z,26,2,17,A,3430.8214,N,13612.1638,E,508.1,A,10,1*75
$BNRDD,65002,2026-05-08T01:15:35Z,28,2,19,A,3430.8155,N,13612.1693,E,507.8,A,8,1*48
$BNRDD,65002,2026-05-08T01:15:40Z,28,2,21,A,3430.8098,N,13612.1751,E,507.5,A,7,1*4C
$BNRDD,65002,2026-05-08T01:15:45Z,31,3,24,A,3430.8042,N,13612.1812,E,507.2,A,8,1*42
$BNRDD,65002,2026-05-08T01:15:50Z,29,2,26,A,3430.7985,N,13612.1871,E,506.9,A,8,1*4E
$BNRDD,65002,2026-05-08T01:15:55Z,27,2,28,A,3430.7928,N,13612.1929,E,506.6,A,8,1*4F
$BNRDD,65002,2026-05-08T01:16:00Z,33,3,31,A,3430.7871,N,13612.1987,E,506.3,A,7,1*43
$BNRDD,65002,2026-05-08T01:16:05Z,29,2,33,A,3430.7811,N,13612.2043,E,506.0,A,10,1*7F
$BNRDD,65002,2026-05-08T01:16:10Z,35,3,36,A,3430.7753,N,13612.2099,E,505.7,A,9,1*40
$BNRDD,65002,2026-05-08T01:16:15Z,33,3,39,A,3430.7695,N,13612.2157,E,505.4,A,7,1*49
$BNRDD,65002,2026-05-08T01:16:20Z,31,3,42,A,3430.7640,N,13612.2219,E,505.1,A,10,1*73
$BNRDD,65002,2026-05-08T01:16:25Z,28,2,44,A,3430.7583,N,13612.2278,E,504.7,A,7,1*43
$BNRDD,65002,2026-05-08T01:16:30Z,26,2,46,A,3430.7525,N,13612.2336,E,504.4,A,9,1*41
$BNRDD,65002,2026-05-08T01:16:35Z,30,2,48,A,3430.7466,N,13612.2391,E,504.1,A,8,1*42
$BNRDD,65002,2026-05-08T01:16:40Z,20,2,50,A,3430.7406,N,13612.2445,E,503.8,A,8,1*4E
$BNRDD,65002,2026-05-08T01:16:45Z,19,2,52,A,3430.7346,N,13612.2500,E,503.5,A,9,1*4C
$BNRDD,65002,2026-05-08T01:16:50Z,24,2,54,A,3430.7317,N,13612.2583,E,503.2,A,7,1*46
$BNRDD,65002,2026-05-08T01:16:55Z,20,2,56,A,3430.7284,N,13612.2664,E,502.9,A,10,1*78
$BNRDD,65002,2026-05-08T01:17:00Z,20,2,58,A,3430.7252,N,13612.2747,E,502.6,A,9,1*4B
$BNRDD,65002,2026-05-08T01:17:05Z,24,2,60,A,3430.7221,N,13612.2829,E,502.3,A,8,1*46
$BNRDD,65002,2026-05-08T01:17:10Z,20,2,62,A,3430.7191,N,13612.2913,E,502.0,A,9,1*46
$BNRDD,65002,2026-05-08T01:17:15Z,22,2,64,A,3430.7159,N,13612.2995,E,501.7,A,7,1*47
$BNRDD,65002,2026-05-08T01:17:20Z,20,2,66,A,3430.7125,N,13612.3076,E,501.3,A,8,1*44
$BNRDD,65002,2026-05-08T01:17:25Z,20,2,68,A,3430.7091,N,13612.3157,E,501.0,A,8,1*40
$BNRDD,65002,2026-05-08T01:17:30Z,19,2,70,A,3430.7057,N,13612.3238,E,500.7,A,8,1*41
$BNRDD,65002,2026-05-08T01:17:35Z,21,2,72,A,3430.7022,N,13612.3319,E,500.4,A,9,1*4F
$BNRDD,65002,2026-05-08T01:17:40Z,23,2,74,A,3430.6987,N,13612.3399,E,500.1,A,8,1*42
$BNRDD,65002,2026-05-08T01:17:45Z,18,2,76,A,3430.6949,N,13612.3478,E,499.8,A,7,1*40
$BNRDD,65002,2026-05-08T01:17:50Z,22,2,78,A,3430.6909,N,13612.3554,E,499.5,A,7,1*45
$BNRDD,65002,2026-05-08T01:17:55Z,19,2,80,A,3430.6865,N,13612.3627,E,499.2,A,8,1*4B
$BNRDD,65002,2026-05-08T01:18:00Z,23,2,82,A,3430.6823,N,13612.3702,E,498.9,A,9,1*40
$BNRDD,65002,2026-05-08T01:18:05Z,20,2,84,A,3430.6787,N,13612.3781,E,498.6,A,8,1*44
$BNRDD,65002,2026-05-08T01:18:10Z,19,2,86,A,3430.6775,N,13612.3870,E,498.3,A,10,1*78
$BNRDD,65002,2026-05-08T01:18:15Z,18,2,88,A,3430.6773,N,13612.3961,E,497.9,A,8,1*49
$BNRDD,65002,2026-05-08T01:18:20Z,20,2,90,A,3430.6766,N,13612.4052,E,497.6,A,9,1*49
$BNRDD,65002,2026-05-08T01:18:25Z,21,2,92,A,3430.6762,N,13612.4142,E,497.3,A,10,1*76
$BNRDD,65002,2026-05-08T01:18:30Z,23,2,94,A,3430.6751,N,13612.4232,E,497.0,A,8,1*48
$BNRDD,65002,2026-05-08T01:18:35Z,20,2,96,A,3430.6736,N,13612.4321,E,496.7,A,8,1*48
$BNRDD,65002,2026-05-08T01:18:40Z,20,2,98,A,3430.6705,N,13612.4403,E,496.4,A,7,1*4F
$BNRDD,65002,2026-05-08T01:18:45Z,21,2,100,A,3430.6662,N,13612.4477,E,496.1,A,7,1*7D
$BNRDD,65002,2026-05-08T01:18:50Z,23,2,102,A,3430.6622,N,13612.4554,E,495.8,A,10,1*41
$BNRDD,65002,2026-05-08T01:18:55Z,23,2,104,A,3430.6587,N,13612.4634,E,495.5,A,7,1*70
$BNRDD,65002,2026-05-08T01:19:00Z,20,2,106,A,3430.6538,N,13612.4703,E,495.2,A,10,1*40
$BNRDD,65002,2026-05-08T01:19:05Z,23,2,108,A,3430.6495,N,13612.4776,E,494.9,A,9,1*7E
$BNRDD,65002,2026-05-08T01:19:10Z,25,2,110,A,3430.6471,N,13612.4861,E,494.5,A,7,1*74
$BNRDD,65002,2026-05-08T01:19:15Z,20,2,112,A,3430.6468,N,13612.4952,E,494.2,A,7,1*78
$BNRDD,65002,2026-05-08T01:19:20Z,20,2,114,A,3430.6468,N,13612.5043,E,493.9,A,9,1*72
$BNRDD,65002,2026-05-08T01:19:25Z,19,2,116,A,3430.6468,N,13612.5134,E,493.6,A,9,1*71
$BNRDD,65002,2026-05-08T01:19:30Z,23,2,118,A,3430.6474,N,13612.5224,E,493.3,A,10,1*40
$BNRDD,65002,2026-05-08T01:19:35Z,22,2,120,A,3430.6470,N,13612.5315,E,493.0,A,7,1*7D
$BNRDD,65002,2026-05-08T01:19:40Z,25,2,122,A,3430.6453,N,13612.5403,E,492.7,A,9,1*73
$BNRDD,65002,2026-05-08T01:19:45Z,20,2,124,A,3430.6421,N,13612.5483,E,492.4,A,8,1*7A
$BNRDD,65002,2026-05-08T01:19:50Z,20,2,126,A,3430.6367,N,13612.5545,E,492.1,A,9,1*76
$BNRDD,65002,2026-05-08T01:19:55Z,21,2,128,A,3430.6310,N,13612.5605,E,491.8,A,8,1*70
$BNRDD,65002,2026-05-08T01:20:00Z,23,2,130,A,3430.6248,N,13612.5656,E,491.5,A,7,1*79
$BNRDD,65002,2026-05-08T01:20:05Z,24,2,132,A,3430.6228,N,13612.5574,E,491.1,A,9,1*76
$BNRDD,65002,2026-05-08T01:20:10Z,20,2,134,A,3430.6215,N,13612.5485,E,490.8,A,9,1*79
$BNRDD,65002,2026-05-08T01:20:15Z,21,2,136,A,3430.6204,N,13612.5395,E,490.5,A,9,1*74
$BNRDD,65002,2026-05-08T01:20:20Z,21,2,138,A,3430.6221,N,13612.5308,E,490.2,A,7,1*76
$BNRDD,65002,2026-05-08T01:20:25Z,23,2,140,A,3430.6236,N,13612.5219,E,489.9,A,7,1*7A
$BNRDD,65002,2026-05-08T01:20:30Z,21,2,142,A,3430.6250,N,13612.5130,E,489.6,A,8,1*76
$BNRDD,65002,2026-05-08T01:20:35Z,17,1,143,A,3430.6270,N,13612.5043,E,489.3,A,8,1*76
$BNRDD,65002,2026-05-08T01:20:40Z,18,2,145,A,3430.6271,N,13612.4954,E,489.0,A,8,1*72
$BNRDD,65002,2026-05-08T01:20:45Z,17,1,146,A,3430.6255,N,13612.4865,E,488.7,A,9,1*7A
$BNRDD,65002,2026-05-08T01:20:50Z,18,2,148,A,3430.6237,N,13612.4777,E,488.4,A,8,1*76
$BNRDD,65002,2026-05-08T01:20:55Z,21,2,150,A,3430.6228,N,13612.4687,E,488.1,A,8,1*75
$BNRDD,65002,2026-05-08T01:21:00Z,21,2,152,A,3430.6233,N,13612.4597,E,487.7,A,9,1*76
$BNRDD,65002,2026-05-08T01:21:05Z,20,2,154,A,3430.6261,N,13612.4513,E,487.4,A,10,1*44
$BNRDD,65002,2026-05-08T01:21:10Z,23,2,156,A,3430.6286,N,13612.4427,E,487.1,A,8,1*72
$BNRDD,65002,2026-05-08T01:21:15Z,20,2,158,A,3430.6312,N,13612.4342,E,486.8,A,8,1*7A
$BNRDD,65002,2026-05-08T01:21:20Z,21,2,160,A,3430.6330,N,13612.4253,E,486.5,A,8,1*7A
$BNRDD,65002,2026-05-08T01:21:25Z,21,2,162,A,3430.6336,N,13612.4164,E,486.2,A,8,1*7B
$BNRDD,65002,2026-05-08T01:21:30Z,23,2,164,A,3430.6342,N,13612.4073,E,485.9,A,7,1*78
$BNRDD,65002,2026-05-08T01:21:35Z,20,2,166,A,3430.6342,N,13612.3982,E,485.6,A,8,1*7C
$BNRDD,65002,2026-05-08T01:21:40Z,20,2,168,A,3430.6346,N,13612.3892,E,485.3,A,9,1*70
$BNRDD,65002,2026-05-08T01:21:45Z,21,2,170,A,3430.6340,N,13612.3803,E,485.0,A,7,1*7E
$BNRDD,65002,2026-05-08T01:21:50Z,19,2,172,A,3430.6312,N,13612.3719,E,484.7,A,10,1*40
$BNRDD,65002,2026-05-08T01:21:55Z,21,2,174,A,3430.6277,N,13612.3638,E,484.3,A,8,1*75
$BNRDD,65002,2026-05-08T01:22:00Z,18,2,176,A,3430.6238,N,13612.3560,E,484.0,A,10,1*41
$BNRDD,65002,2026-05-08T01:22:05Z,20,2,178,A,3430.6202,N,13612.3481,E,483.7,A,8,1*7F
$BNRDD,65002,2026-05-08T01:22:10Z,22,2,180,A,3430.6165,N,13612.3402,E,483.4,A,8,1*74
$BNRDD,65002,2026-05-08T01:22:15Z,16,1,181,A,3430.6126,N,13612.3324,E,483.1,A,7,1*7A
$BNRDD,65002,2026-05-08T01:22:20Z,22,2,183,A,3430.6083,N,13612.3250,E,482.8,A,10,1*48
$BNRDD,65002,2026-05-08T01:22:25Z,21,2,185,A,3430.6040,N,13612.3175,E,482.5,A,10,1*4E
$BNRDD,65002,2026-05-08T01:22:30Z,17,1,186,A,3430.5999,N,13612.3099,E,482.2,A,7,1*73
$BNRDD,65002,2026-05-08T01:22:35Z,21,2,188,A,3430.5965,N,13612.3018,E,481.9,A,7,1*7C
$BNRDD,65002,2026-05-08T01:22:40Z,19,2,190,A,3430.5934,N,13612.2936,E,481.6,A,7,1*73
$BNRDD,65002,2026-05-08T01:22:45Z,21,2,192,A,3430.5903,N,13612.2853,E,481.3,A,8,1*73
$BNRDD,65002,2026-05-08T01:22:50Z,22,2,194,A,3430.5873,N,13612.2769,E,480.9,A,8,1*79
$BNRDD,65002,2026-05-08T01:22:55Z,23,2,196,A,3430.5843,N,13612.2687,E,480.6,A,10,1*4B
$BNRDD,65002,2026-05-08T01:23:00Z,22,2,198,A,3430.5806,N,13612.2608,E,480.3,A,7,1*70
$BNRDD,65002,2026-05-08T01:23:05Z,25,2,200,A,3430.5759,N,13612.2538,E,480.0,A,10,1*40
$BNRDD,65002,2026-05-08T01:23:10Z,25,2,202,A,3430.5716,N,13612.2463,E,479.7,A,7,1*75
$BNRDD,65002,2026-05-08T01:23:15Z,19,2,204,A,3430.5675,N,13612.2387,E,479.4,A,7,1*73
$BNRDD,65002,2026-05-08T01:23:20Z,21,2,206,A,3430.5632,N,13612.2313,E,479.1,A,7,1*77
$BNRDD,65002,2026-05-08T01:23:25Z,19,2,208,A,3430.5591,N,13612.2236,E,478.8,A,7,1*73
$BNRDD,65002,2026-05-08T01:23:30Z,25,2,210,A,3430.5548,N,13612.2162,E,478.5,A,8,1*75
$BNRDD,65002,2026-05-08T01:23:35Z,19,2,212,A,3430.5509,N,13612.2084,E,478.2,A,10,1*4F
$BNRDD,65002,2026-05-08T01:23:40Z,20,2,214,A,3430.5476,N,13612.2004,E,477.9,A,10,1*44
$BNRDD,65002,2026-05-08T01:23:45Z,25,2,216,A,3430.5446,N,13612.1921,E,477.5,A,7,1*72
$BNRDD,65002,2026-05-08T01:23:50Z,25,2,218,A,3430.5420,N,13612.1836,E,477.2,A,10,1*4E
$BNRDD,65002,2026-05-08T01:23:55Z,25,2,220,A,3430.5394,N,13612.1751,E,476.9,A,9,1*74
$BNRDD,65002,2026-05-08T01:24:00Z,29,2,222,A,3430.5365,N,13612.1667,E,476.6,A,9,1*78
$BNRDD,65002,2026-05-08T01:24:05Z,24,2,224,A,3430.5336,N,13612.1583,E,476.3,A,10,1*44
$BNRDD,65002,2026-05-08T01:24:10Z,25,2,226,A,3430.5304,N,13612.1501,E,476.0,A,10,1*4B
$BNRDD,65002,2026-05-08T01:24:15Z,22,2,228,A,3430.5254,N,13612.1434,E,475.7,A,8,1*79
$BNRDD,65002,2026-05-08T01:24:20Z,27,2,230,A,3430.5207,N,13612.1363,E,475.4,A,7,1*7C
$BNRDD,65002,2026-05-08T01:24:25Z,28,2,232,A,3430.5161,N,13612.1291,E,475.1,A,7,1*7E
$BNRDD,65002,2026-05-08T01:24:30Z,26,2,234,A,3430.5114,N,13612.1220,E,474.8,A,10,1*44
$BNRDD,65002,2026-05-08T01:24:35Z,25,2,236,A,3430.5068,N,13612.1149,E,474.5,A,8,1*72
$BNRDD,65002,2026-05-08T01:24:40Z,29,2,238,A,3430.5029,N,13612.1071,E,474.1,A,8,1*79
$BNRDD,65002,2026-05-08T01:24:45Z,27,2,240,A,3430.4986,N,13612.0996,E,473.8,A,7,1*70
$BNRDD,65002,2026-05-08T01:24:50Z,23,2,242,A,3430.4941,N,13612.0924,E,473.5,A,8,1*72
$BNRDD,65002,2026-05-08T01:24:55Z,24,2,244,A,3430.4899,N,13612.0849,E,473.2,A,10,1*46
$BNRDD,65002,2026-05-08T01:25:00Z,30,2,246,A,3430.4852,N,13612.0778,E,472.9,A,8,1*79
$BNRDD,65002,2026-05-08T01:25:05Z,50,4,250,A,3430.4803,N,13612.0709,E,472.6,A,7,1*79
$BNRDD,65002,2026-05-08T01:25:10Z,41,3,253,A,3430.4757,N,13612.0638,E,472.3,A,9,1*7F
$BNRDD,65002,2026-05-08T01:25:15Z,41,3,256,A,3430.4716,N,13612.0561,E,472.0,A,9,1*76
$BNRDD,65002,2026-05-08T01:25:20Z,46,4,260,A,3430.4670,N,13612.0490,E,471.7,A,8,1*7E
$BNRDD,65002,2026-05-08T01:25:25Z,51,4,264,A,3430.4626,N,13612.0416,E,471.4,A,9,1*76
$BNRDD,65002,2026-05-08T01:25:30Z,39,3,267,A,3430.4579,N,13612.0345,E,471.1,A,9,1*75
$BNRDD,65002,2026-05-08T01:25:35Z,48,4,271,A,3430.4528,N,13612.0281,E,470.7,A,10,1*44
$BNRDD,65002,2026-05-08T01:25:40Z,41,3,274,A,3430.4456,N,13612.0261,E,470.4,A,7,1*7E
$BNRDD,65002,2026-05-08T01:25:45Z,66,6,280,A,3430.4383,N,13612.0244,E,470.1,A,7,1*7D
$BNRDD,65002,2026-05-08T01:25:50Z,29,2,282,A,3430.4310,N,13612.0221,E,469.8,A,7,1*7C
$BNRDD,65002,2026-05-08T01:25:55Z,49,4,286,A,3430.4237,N,13612.0200,E,469.5,A,7,1*77
$BNRDD,65002,2026-05-08T01:26:00Z,51,4,290,A,3430.4167,N,13612.0175,E,469.2,A,8,1*75
$BNRDD,65002,2026-05-08T01:26:05Z,56,5,295,A,3430.4093,N,13612.0165,E,468.9,A,9,1*73
$BNRDD,65002,2026-05-08T01:26:10Z,53,4,299,A,3430.4019,N,13612.0155,E,468.6,A,9,1*71
$BNRDD,65002,2026-05-08T01:26:15Z,40,3,302,A,3430.3949,N,13612.0127,E,468.3,A,9,1*79
$BNRDD,65002,2026-05-08T01:26:20Z,62,5,307,A,3430.3880,N,13612.0092,E,468.0,A,9,1*74
$BNRDD,65002,2026-05-08T01:26:25Z,52,4,311,A,3430.3809,N,13612.0062,E,467.7,A,7,1*7C
$BNRDD,65002,2026-05-08T01:26:30Z,55,5,316,A,3430.3737,N,13612.0040,E,467.3,A,7,1*7F
$BNRDD,65002,2026-05-08T01:26:35Z,52,4,320,A,3430.3663,N,13612.0022,E,467.0,A,8,1*71
$BNRDD,65002,2026-05-08T01:26:40Z,60,5,325,A,3430.3590,N,13612.0001,E,466.7,A,8,1*7E
$BNRDD,65002,2026-05-08T01:26:45Z,74,6,331,A,3430.3519,N,13611.9975,E,466.4,A,9,1*7B
$BNRDD,65002,2026-05-08T01:26:50Z,38,3,334,A,3430.3447,N,13611.9946,E,466.1,A,9,1*78
$BNRDD,65002,2026-05-08T01:26:55Z,69,6,340,A,3430.3376,N,13611.9919,E,465.8,A,8,1*7B
$BNRDD,65002,2026-05-08T01:27:00Z,37,3,343,A,3430.3305,N,13611.9891,E,465.5,A,10,1*46
$BNRDD,65002,2026-05-08T01:27:05Z,53,4,347,A,3430.3236,N,13611.9856,E,465.2,A,9,1*77
$BNRDD,65002,2026-05-08T01:27:10Z,72,6,353,A,3430.3169,N,13611.9815,E,464.9,A,7,1*7D
$BNRDD,65002,2026-05-08T01:27:15Z,54,4,357,A,3430.3103,N,13611.9773,E,464.6,A,10,1*40
$BNRDD,65002,2026-05-08T01:27:20Z,62,5,362,A,3430.3035,N,13611.9736,E,464.3,A,9,1*7C
$BNRDD,65002,2026-05-08T01:27:25Z,56,5,367,A,3430.2960,N,13611.9730,E,463.9,A,8,1*79
$BNRDD,65002,2026-05-08T01:27:30Z,51,4,371,A,3430.2885,N,13611.9730,E,463.6,A,10,1*40
$BNRDD,65002,2026-05-08T01:27:35Z,51,4,375,A,3430.2810,N,13611.9729,E,463.3,A,10,1*40
$BNRDD,65002,2026-05-08T01:27:40Z,53,4,379,A,3430.2736,N,13611.9724,E,463.0,A,8,1*70
$BNRDD,65002,2026-05-08T01:27:45Z,53,4,383,A,3430.2661,N,13611.9723,E,462.7,A,7,1*7D
$BNRDD,65002,2026-05-08T01:27:50Z,54,4,387,A,3430.2587,N,13611.9712,E,462.4,A,8,1*7F
$BNRDD,65002,2026-05-08T01:27:55Z,46,4,391,A,3430.2524,N,13611.9677,E,462.1,A,10,1*49
$BNRDD,65002,2026-05-08T01:28:00Z,49,4,395,A,3430.2485,N,13611.9600,E,461.8,A,7,1*7B
$BNRDD,65002,2026-05-08T01:28:05Z,47,4,399,A,3430.2447,N,13611.9521,E,461.5,A,9,1*71
$BNRDD,65002,2026-05-08T01:28:10Z,45,4,403,A,3430.2413,N,13611.9440,E,461.2,A,7,1*7D
$BNRDD,65002,2026-05-08T01:28:15Z,55,5,408,A,3430.2380,N,13611.9358,E,460.9,A,9,1*74
$BNRDD,65002,2026-05-08T01:28:20Z,57,5,413,A,3430.2346,N,13611.9277,E,460.5,A,10,1*48
$BNRDD,65002,2026-05-08T01:28:25Z,42,4,417,A,3430.2303,N,13611.9203,E,460.2,A,8,1*70
$BNRDD,65002,2026-05-08T01:28:30Z,60,5,422,A,3430.2255,N,13611.9134,E,459.9,A,8,1*77
$BNRDD,65002,2026-05-08T01:28:35Z,48,4,426,A,3430.2211,N,13611.9060,E,459.6,A,8,1*72
$BNRDD,65002,2026-05-08T01:28:40Z,53,4,430,A,3430.2169,N,13611.8985,E,459.3,A,9,1*76
$BNRDD,65002,2026-05-08T01:28:45Z,52,4,434,A,3430.2130,N,13611.8907,E,459.0,A,10,1*4B
$BNRDD,65002,2026-05-08T01:28:50Z,62,5,439,A,3430.2091,N,13611.8830,E,458.7,A,8,1*70
$BNRDD,65002,2026-05-08T01:28:55Z,42,4,443,A,3430.2054,N,13611.8751,E,458.4,A,9,1*78
$BNRDD,65002,2026-05-08T01:29:00Z,55,5,448,A,3430.2021,N,13611.8669,E,458.1,A,10,1*40
$BNRDD,65002,2026-05-08T01:29:05Z,61,5,453,A,3430.1987,N,13611.8588,E,457.8,A,7,1*72
$BNRDD,65002,2026-05-08T01:29:10Z,53,4,457,A,3430.1948,N,13611.8511,E,457.5,A,10,1*4A
$BNRDD,65002,2026-05-08T01:29:15Z,50,4,461,A,3430.1931,N,13611.8422,E,457.1,A,9,1*7A
$BNRDD,65002,2026-05-08T01:29:20Z,47,4,465,A,3430.1916,N,13611.8334,E,456.8,A,8,1*72
$BNRDD,65002,2026-05-08T01:29:25Z,60,5,470,A,3430.1894,N,13611.8247,E,456.5,A,8,1*74
$BNRDD,65002,2026-05-08T01:29:30Z,56,5,475,A,3430.1870,N,13611.8162,E,456.2,A,9,1*78
$BNRDD,65002,2026-05-08T01:29:35Z,43,4,479,A,3430.1848,N,13611.8075,E,455.9,A,9,1*70
$BNRDD,65002,2026-05-08T01:29:40Z,59,5,484,A,3430.1821,N,13611.7991,E,455.6,A,9,1*76
$BNRDD,65002,2026-05-08T01:29:45Z,39,3,487,A,3430.1788,N,13611.7909,E,455.3,A,9,1*78
$BNRDD,65002,2026-05-08T01:29:50Z,43,4,491,A,3430.1747,N,13611.7833,E,455.0,A,9,1*79
$BNRDD,65002,2026-05-08T01:29:55Z,37,3,494,A,3430.1700,N,13611.7762,E,454.7,A,7,1*7D
$BNRDD,65002,2026-05-08T01:30:00Z,52,4,498,A,3430.1639,N,13611.7712,E,454.4,A,8,1*7D
$BNRDD,65002,2026-05-08T01:30:05Z,47,4,502,A,3430.1570,N,13611.7677,E,454.1,A,9,1*76
$BNRDD,65002,2026-05-08T01:30:10Z,43,4,506,A,3430.1499,N,13611.7648,E,453.7,A,9,1*79
$BNRDD,65002,2026-05-08T01:30:15Z,40,3,509,A,3430.1427,N,13611.7622,E,453.4,A,9,1*7D
$BNRDD,65002,2026-05-08T01:30:20Z,27,2,511,A,3430.1360,N,13611.7585,E,453.1,A,7,1*73
$BNRDD,65002,2026-05-08T01:30:25Z,42,4,515,A,3430.1292,N,13611.7547,E,452.8,A,10,1*4B
$BNRDD,65002,2026-05-08T01:30:30Z,43,4,519,A,3430.1222,N,13611.7514,E,452.5,A,7,1*74
$BNRDD,65002,2026-05-08T01:30:35Z,38,3,522,A,3430.1156,N,13611.7472,E,452.2,A,10,1*42
$BNRDD,65002,2026-05-08T01:30:40Z,55,5,527,A,3430.1096,N,13611.7418,E,451.9,A,8,1*78
$BNRDD,65002,2026-05-08T01:30:45Z,46,4,531,A,3430.1034,N,13611.7368,E,451.6,A,9,1*7F
$BNRDD,65002,2026-05-08T01:30:50Z,40,3,534,A,3430.0961,N,13611.7351,E,451.3,A,9,1*78
$BNRDD,65002,2026-05-08T01:30:55Z,56,5,539,A,3430.0912,N,13611.7300,E,451.0,A,9,1*72
$BNRDD,65002,2026-05-08T01:31:00Z,48,4,543,A,3430.0879,N,13611.7218,E,450.7,A,9,1*72
$BNRDD,65002,2026-05-08T01:31:05Z,34,3,546,A,3430.0845,N,13611.7137,E,450.3,A,9,1*7B
$BNRDD,65002,2026-05-08T01:31:10Z,58,5,551,A,3430.0812,N,13611.7056,E,450.0,A,9,1*72
$BNRDD,65002,2026-05-08T01:31:15Z,63,5,556,A,3430.0782,N,13611.6972,E,449.7,A,8,1*7E
$BNRDD,65002,2026-05-08T01:31:20Z,72,6,562,A,3430.0755,N,13611.6888,E,449.4,A,10,1*48
$BNRDD,65002,2026-05-08T01:31:25Z,55,5,567,A,3430.0703,N,13611.6860,E,449.1,A,8,1*77
$BNRDD,65002,2026-05-08T01:31:30Z,37,3,570,A,3430.0629,N,13611.6874,E,448.8,A,7,1*7C
$BNRDD,65002,2026-05-08T01:31:35Z,32,3,573,A,3430.0555,N,13611.6891,E,448.5,A,9,1*7F
$BNRDD,65002,2026-05-08T01:31:40Z,45,4,577,A,3430.0481,N,13611.6902,E,448.2,A,9,1*7A
$BNRDD,65002,2026-05-08T01:31:45Z,51,4,581,A,3430.0407,N,13611.6918,E,447.9,A,10,1*4A
$BNRDD,65002,2026-05-08T01:31:50Z,37,3,584,A,3430.0334,N,13611.6934,E,447.6,A,10,1*4A
$BNRDD,65002,2026-05-08T01:31:55Z,36,3,587,A,3430.0260,N,13611.6949,E,447.3,A,8,1*7B
$BNRDD,65002,2026-05-08T01:32:00Z,43,4,591,A,3430.0186,N,13611.6964,E,446.9,A,9,1*74
$BNRDD,65002,2026-05-08T01:32:05Z,42,4,595,A,3430.0112,N,13611.6981,E,446.6,A,7,1*73
$BNRDD,65002,2026-05-08T01:32:10Z,47,4,599,A,3430.0039,N,13611.6998,E,446.3,A,9,1*75
$BNRDD,65002,2026-05-08T01:32:15Z,31,3,602,A,3429.9964,N,13611.7011,E,446.0,A,8,1*7C
$BNRDD,65002,2026-05-08T01:32:20Z,48,4,606,A,3429.9890,N,13611.7026,E,445.7,A,7,1*72
$BNRDD,65002,2026-05-08T01:32:25Z,45,4,610,A,3429.9817,N,13611.7044,E,445.4,A,8,1*7A
$BNRDD,65002,2026-05-08T01:32:30Z,40,3,613,A,3429.9743,N,13611.7060,E,445.1,A,7,1*7D
$BNRDD,65002,2026-05-08T01:32:35Z,42,4,617,A,3429.9669,N,13611.7070,E,444.8,A,10,1*4F
$BNRDD,65002,2026-05-08T01:32:40Z,33,3,620,A,3429.9595,N,13611.7081,E,444.5,A,8,1*72
$BNRDD,65002,2026-05-08T01:32:45Z,49,4,624,A,3429.9520,N,13611.7089,E,444.2,A,10,1*41
$BNRDD,65002,2026-05-08T01:32:50Z,35,3,627,A,3429.9446,N,13611.7103,E,443.9,A,7,1*72
$BNRDD,65002,2026-05-08T01:32:55Z,44,4,631,A,3429.9372,N,13611.7114,E,443.5,A,7,1*7B
$BNRDD,65002,2026-05-08T01:33:00Z,38,3,634,A,3429.9298,N,13611.7117,E,443.2,A,10,1*44
$BNRDD,65002,2026-05-08T01:33:05Z,36,3,637,A,3429.9223,N,13611.7109,E,442.9,A,7,1*7F
$BNRDD,65002,2026-05-08T01:33:10Z,31,3,640,A,3429.9150,N,13611.7088,E,442.6,A,7,1*7C
$BNRDD,65002,2026-05-08T01:33:15Z,42,4,644,A,3429.9078,N,13611.7066,E,442.3,A,10,1*46
$BNRDD,65002,2026-05-08T01:33:20Z,49,4,648,A,3429.9007,N,13611.7036,E,442.0,A,9,1*71
$BNRDD,65002,2026-05-08T01:33:25Z,44,4,652,A,3429.8935,N,13611.7011,E,441.7,A,10,1*42
$BNRDD,65002,2026-05-08T01:33:30Z,36,3,655,A,3429.8862,N,13611.6994,E,441.4,A,10,1*46
$BNRDD,65002,2026-05-08T01:33:35Z,37,3,658,A,3429.8788,N,13611.6978,E,441.1,A,10,1*43
$BNRDD,65002,2026-05-08T01:33:40Z,46,4,662,A,3429.8716,N,13611.6956,E,440.8,A,10,1*4A
$BNRDD,65002,2026-05-08T01:33:45Z,39,3,665,A,3429.8643,N,13611.6935,E,440.5,A,10,1*4E
$BNRDD,65002,2026-05-08T01:33:50Z,49,4,669,A,3429.8572,N,13611.6907,E,440.1,A,9,1*7A
$BNRDD,65002,2026-05-08T01:33:55Z,43,4,673,A,3429.8504,N,13611.6867,E,439.8,A,10,1*47
$BNRDD,65002,2026-05-08T01:34:00Z,36,3,676,A,3429.8445,N,13611.6874,E,439.5,A,7,1*7D
$BNRDD,65002,2026-05-08T01:34:05Z,36,3,679,A,3429.8421,N,13611.6960,E,439.2,A,9,1*78
$BNRDD,65002,2026-05-08T01:34:10Z,38,3,682,A,3429.8391,N,13611.7043,E,438.9,A,7,1*77
$BNRDD,65002,2026-05-08T01:34:15Z,41,3,685,A,3429.8333,N,13611.7093,E,438.6,A,8,1*7E
$BNRDD,65002,2026-05-08T01:34:20Z,40,3,688,A,3429.8264,N,13611.7129,E,438.3,A,8,1*72
$BNRDD,65002,2026-05-08T01:34:25Z,41,3,691,A,3429.8194,N,13611.7162,E,438.0,A,8,1*7E
$BNRDD,65002,2026-05-08T01:34:30Z,42,4,695,A,3429.8125,N,13611.7196,E,437.7,A,10,1*4A
$BNRDD,65002,2026-05-08T01:34:35Z,40,3,698,A,3429.8056,N,13611.7231,E,437.4,A,10,1*4F
$BNRDD,65002,2026-05-08T01:34:40Z,45,4,702,A,3429.7988,N,13611.7268,E,437.1,A,10,1*41
$BNRDD,65002,2026-05-08T01:34:45Z,41,3,705,A,3429.7919,N,13611.7302,E,436.8,A,7,1*7B
$BNRDD,65002,2026-05-08T01:34:50Z,42,4,709,A,3429.7850,N,13611.7336,E,436.4,A,10,1*46
$BNRDD,65002,2026-05-08T01:34:55Z,33,3,712,A,3429.7776,N,13611.7347,E,436.1,A,10,1*40
$BNRDD,65002,2026-05-08T01:35:00Z,42,4,716,A,3429.7703,N,13611.7368,E,435.8,A,10,1*41
$BNRDD,65002,2026-05-08T01:35:05Z,38,3,719,A,3429.7631,N,13611.7390,E,435.5,A,10,1*4B
$BNRDD,65002,2026-05-08T01:35:10Z,32,3,722,A,3429.7557,N,13611.7404,E,435.2,A,8,1*7A
$BNRDD,65002,2026-05-08T01:35:15Z,37,3,725,A,3429.7488,N,13611.7377,E,434.9,A,10,1*4E
$BNRDD,65002,2026-05-08T01:35:20Z,39,3,728,A,3429.7419,N,13611.7342,E,434.6,A,7,1*7C
$BNRDD,65002,2026-05-08T01:35:25Z,45,4,732,A,3429.7346,N,13611.7323,E,434.3,A,10,1*47
$BNRDD,65002,2026-05-08T01:35:30Z,38,3,735,A,3429.7272,N,13611.7312,E,434.0,A,10,1*4E
$BNRDD,65002,2026-05-08T01:35:35Z,47,4,739,A,3429.7197,N,13611.7302,E,433.7,A,8,1*78
$BNRDD,65002,2026-05-08T01:35:40Z,47,4,743,A,3429.7123,N,13611.7296,E,433.4,A,7,1*78
$BNRDD,65002,2026-05-08T01:35:45Z,34,3,746,A,3429.7049,N,13611.7303,E,433.0,A,10,1*49
$BNRDD,65002,2026-05-08T01:35:50Z,37,3,749,A,3429.6975,N,13611.7319,E,432.7,A,7,1*7D
$BNRDD,65002,2026-05-08T01:35:55Z,39,3,752,A,3429.6902,N,13611.7335,E,432.4,A,10,1*47
$BNRDD,65002,2026-05-08T01:36:00Z,45,4,756,A,3429.6828,N,13611.7353,E,432.1,A,7,1*76
$BNRDD,65002,2026-05-08T01:36:05Z,46,4,760,A,3429.6754,N,13611.7369,E,431.8,A,9,1*7C
$BNRDD,65002,2026-05-08T01:36:10Z,43,4,764,A,3429.6680,N,13611.7382,E,431.5,A,9,1*79
$BNRDD,65002,2026-05-08T01:36:15Z,47,4,768,A,3429.6606,N,13611.7390,E,431.2,A,9,1*7E
$BNRDD,65002,2026-05-08T01:36:20Z,45,4,772,A,3429.6531,N,13611.7387,E,430.9,A,10,1*42
$BNRDD,65002,2026-05-08T01:36:25Z,41,3,775,A,3429.6460,N,13611.7401,E,430.6,A,9,1*78
$BNRDD,65002,2026-05-08T01:36:30Z,49,4,779,A,3429.6394,N,13611.7443,E,430.3,A,7,1*7E
$BNRDD,65002,2026-05-08T01:36:35Z,42,4,783,A,3429.6324,N,13611.7473,E,430.0,A,9,1*70
$BNRDD,65002,2026-05-08T01:36:40Z,46,4,787,A,3429.6253,N,13611.7502,E,429.6,A,7,1*74
$BNRDD,65002,2026-05-08T01:36:45Z,48,4,791,A,3429.6182,N,13611.7532,E,429.3,A,7,1*71
$BNRDD,65002,2026-05-08T01:36:50Z,49,4,795,A,3429.6108,N,13611.7540,E,429.0,A,7,1*74
$BNRDD,65002,2026-05-08T01:36:55Z,45,4,799,A,3429.6033,N,13611.7540,E,428.7,A,8,1*71
$BNRDD,65002,2026-05-08T01:37:00Z,46,4,803,A,3429.5958,N,13611.7540,E,428.4,A,7,1*74
$BNRDD,65002,2026-05-08T01:37:05Z,51,4,807,A,3429.5891,N,13611.7512,E,428.1,A,8,1*7A
$BNRDD,65002,2026-05-08T01:37:10Z,43,4,811,A,3429.5839,N,13611.7446,E,427.8,A,9,1*7F
$BNRDD,65002,2026-05-08T01:37:15Z,47,4,815,A,3429.5779,N,13611.7447,E,427.5,A,8,1*7C
$BNRDD,65002,2026-05-08T01:37:20Z,37,3,818,A,3429.5721,N,13611.7503,E,427.2,A,7,1*73
$BNRDD,65002,2026-05-08T01:37:25Z,39,3,821,A,3429.5668,N,13611.7567,E,426.9,A,8,1*79
$BNRDD,65002,2026-05-08T01:37:30Z,48,4,825,A,3429.5620,N,13611.7636,E,426.6,A,7,1*73
$BNRDD,65002,2026-05-08T01:37:35Z,46,4,829,A,3429.5567,N,13611.7700,E,426.2,A,9,1*7A
$BNRDD,65002,2026-05-08T01:37:40Z,37,3,832,A,3429.5515,N,13611.7765,E,425.9,A,10,1*45
$BNRDD,65002,2026-05-08T01:37:45Z,41,3,835,A,3429.5463,N,13611.7832,E,425.6,A,10,1*44
$BNRDD,65002,2026-05-08T01:37:50Z,49,4,839,A,3429.5412,N,13611.7898,E,425.3,A,8,1*79
$BNRDD,65002,2026-05-08T01:37:55Z,45,4,843,A,3429.5360,N,13611.7961,E,425.0,A,7,1*74
$BNRDD,65002,2026-05-08T01:38:00Z,45,4,847,A,3429.5293,N,13611.8000,E,424.7,A,7,1*75
$BNRDD,65002,2026-05-08T01:38:05Z,32,3,850,A,3429.5223,N,13611.8032,E,424.4,A,7,1*78
$BNRDD,65002,2026-05-08T01:38:10Z,33,3,853,A,3429.5150,N,13611.8049,E,424.1,A,9,1*7E
$BNRDD,65002,2026-05-08T01:38:15Z,38,3,856,A,3429.5075,N,13611.8060,E,423.8,A,7,1*78
$BNRDD,65002,2026-05-08T01:38:20Z,25,2,858,A,3429.5002,N,13611.8077,E,423.5,A,10,1*40
$BNRDD,65002,2026-05-08T01:38:25Z,27,2,860,A,3429.4928,N,13611.8086,E,423.2,A,10,1*45
$BNRDD,65002,2026-05-08T01:38:30Z,31,3,863,A,3429.4853,N,13611.8086,E,422.8,A,10,1*42
$BNRDD,65002,2026-05-08T01:38:35Z,30,2,865,A,3429.4778,N,13611.8092,E,422.5,A,8,1*76
$BNRDD,65002,2026-05-08T01:38:40Z,22,2,867,A,3429.4706,N,13611.8114,E,422.2,A,9,1*75
$BNRDD,65002,2026-05-08T01:38:45Z,28,2,869,A,3429.4639,N,13611.8153,E,421.9,A,10,1*4A
$BNRDD,65002,2026-05-08T01:38:50Z,21,2,871,A,3429.4570,N,13611.8188,E,421.6,A,9,1*71
$BNRDD,65002,2026-05-08T01:38:55Z,27,2,873,A,3429.4502,N,13611.8224,E,421.3,A,9,1*75
$BNRDD,65002,2026-05-08T01:39:00Z,29,2,875,A,3429.4428,N,13611.8215,E,421.0,A,7,1*7A
$BNRDD,65002,2026-05-08T01:39:05Z,22,2,877,A,3429.4358,N,13611.8184,E,420.7,A,9,1*75
$BNRDD,65002,2026-05-08T01:39:10Z,27,2,879,A,3429.4288,N,13611.8151,E,420.4,A,10,1*45
$BNRDD,65002,2026-05-08T01:39:15Z,28,2,881,A,3429.4217,N,13611.8125,E,420.1,A,10,1*48
$BNRDD,65002,2026-05-08T01:39:20Z,27,2,883,A,3429.4143,N,13611.8112,E,419.8,A,9,1*7E
$BNRDD,65002,2026-05-08T01:39:25Z,32,3,886,A,3429.4069,N,13611.8105,E,419.4,A,8,1*79
$BNRDD,65002,2026-05-08T01:39:30Z,26,2,888,A,3429.3999,N,13611.8073,E,419.1,A,9,1*72
$BNRDD,65002,2026-05-08T01:39:35Z,29,2,890,A,3429.3927,N,13611.8087,E,418.8,A,9,1*77
$BNRDD,65002,2026-05-08T01:39:40Z,28,2,892,A,3429.3857,N,13611.8120,E,418.5,A,9,1*71
$BNRDD,65002,2026-05-08T01:39:45Z,33,3,895,A,3429.3786,N,13611.8147,E,418.2,A,7,1*73
$BNRDD,65002,2026-05-08T01:39:50Z,27,2,897,A,3429.3714,N,13611.8164,E,417.9,A,8,1*70
$BNRDD,65002,2026-05-08T01:39:55Z,29,2,899,A,3429.3649,N,13611.8209,E,417.6,A,10,1*42
$BNRDD,65002,2026-05-08T01:40:00Z,24,2,901,A,3429.3577,N,13611.8223,E,417.3,A,10,1*42
$BNRDD,65002,2026-05-08T01:40:05Z,44,4,905,A,3429.3512,N,13611.8180,E,417.0,A,10,1*49
$BNRDD,65002,2026-05-08T01:40:10Z,42,4,909,A,3429.3450,N,13611.8130,E,416.7,A,9,1*75
$BNRDD,65002,2026-05-08T01:40:15Z,43,4,913,A,3429.3390,N,13611.8076,E,416.4,A,8,1*70
$BNRDD,65002,2026-05-08T01:40:20Z,40,3,916,A,3429.3329,N,13611.8025,E,416.0,A,9,1*76
$BNRDD,65002,2026-05-08T01:40:25Z,45,4,920,A,3429.3264,N,13611.7979,E,415.7,A,10,1*4F
$BNRDD,65002,2026-05-08T01:40:30Z,37,3,923,A,3429.3199,N,13611.7934,E,415.4,A,9,1*79
$BNRDD,65002,2026-05-08T01:40:35Z,40,3,926,A,3429.3134,N,13611.7889,E,415.1,A,9,1*7C
$BNRDD,65002,2026-05-08T01:40:40Z,40,3,929,A,3429.3065,N,13611.7853,E,414.8,A,9,1*7B
$BNRDD,65002,2026-05-08T01:40:45Z,38,3,932,A,3429.2995,N,13611.7821,E,414.5,A,8,1*75
$BNRDD,65002,2026-05-08T01:40:50Z,43,4,936,A,3429.2921,N,13611.7810,E,414.2,A,7,1*7B
$BNRDD,65002,2026-05-08T01:40:55Z,43,4,940,A,3429.2847,N,13611.7819,E,413.9,A,8,1*74
$BNRDD,65002,2026-05-08T01:41:00Z,43,4,944,A,3429.2772,N,13611.7825,E,413.6,A,9,1*79
$BNRDD,65002,2026-05-08T01:41:05Z,47,4,948,A,3429.2698,N,13611.7835,E,413.3,A,9,1*75
$BNRDD,65002,2026-05-08T01:41:10Z,37,3,951,A,3429.2623,N,13611.7845,E,413.0,A,9,1*7D
$BNRDD,65002,2026-05-08T01:41:15Z,30,2,953,A,3429.2549,N,13611.7855,E,412.6,A,8,1*74
$BNRDD,65002,2026-05-08T01:41:20Z,34,3,956,A,3429.2474,N,13611.7863,E,412.3,A,8,1*7D
$BNRDD,65002,2026-05-08T01:41:25Z,38,3,959,A,3429.2400,N,13611.7871,E,412.0,A,9,1*79
$BNRDD,65002,2026-05-08T01:41:30Z,37,3,962,A,3429.2325,N,13611.7882,E,411.7,A,9,1*72
$BNRDD,65002,2026-05-08T01:41:35Z,40,3,965,A,3429.2251,N,13611.7890,E,411.4,A,8,1*73
$BNRDD,65002,2026-05-08T01:41:40Z,33,3,968,A,3429.2176,N,13611.7894,E,411.1,A,7,1*70
$BNRDD,65002,2026-05-08T01:41:45Z,32,3,971,A,3429.2101,N,13611.7900,E,410.8,A,7,1*78
$BNRDD,65002,2026-05-08T01:41:50Z,33,3,974,A,3429.2027,N,13611.7913,E,410.5,A,10,1*44
$BNRDD,65002,2026-05-08T01:41:55Z,35,3,977,A,3429.1953,N,13611.7930,E,410.2,A,9,1*73
$BNRDD,65002,2026-05-08T01:42:00Z,37,3,980,A,3429.1880,N,13611.7950,E,410.1,A,10,1*48
$BNRDD,65002,2026-05-08T01:42:05Z,37,3,983,A,3429.1807,N,13611.7964,E,410.4,A,7,1*75
$BNRDD,65002,2026-05-08T01:42:10Z,38,3,986,A,3429.1732,N,13611.7966,E,410.7,A,7,1*73
$BNRDD,65002,2026-05-08T01:42:15Z,33,3,989,A,3429.1657,N,13611.7969,E,410.9,A,7,1*71
$BNRDD,65002,2026-05-08T01:42:20Z,40,3,992,A,3429.1598,N,13611.8007,E,411.2,A,9,1*73
$BNRDD,65002,2026-05-08T01:42:25Z,41,3,995,A,3429.1528,N,13611.8038,E,411.5,A,7,1*7E
$BNRDD,65002,2026-05-08T01:42:30Z,39,3,998,A,3429.1454,N,13611.8050,E,411.8,A,10,1*47
$BNRDD,65002,2026-05-08T01:42:35Z,39,3,1001,A,3429.1380,N,13611.8034,E,412.0,A,8,1*44
$BNRDD,65002,2026-05-08T01:42:40Z,40,3,1004,A,3429.1307,N,13611.8038,E,412.3,A,10,1*74
$BNRDD,65002,2026-05-08T01:42:45Z,35,3,1007,A,3429.1243,N,13611.8083,E,412.6,A,9,1*4C
$BNRDD,65002,2026-05-08T01:42:50Z,47,4,1011,A,3429.1187,N,13611.8140,E,412.9,A,9,1*47
$BNRDD,65002,2026-05-08T01:42:55Z,30,2,1013,A,3429.1118,N,13611.8172,E,413.1,A,7,1*46
$BNRDD,65002,2026-05-08T01:43:00Z,33,3,1016,A,3429.1044,N,13611.8170,E,413.4,A,8,1*40
$BNRDD,65002,2026-05-08T01:43:05Z,34,3,1019,A,3429.0972,N,13611.8148,E,413.7,A,8,1*48
$BNRDD,65002,2026-05-08T01:43:10Z,38,3,1022,A,3429.0900,N,13611.8124,E,413.9,A,8,1*49
$BNRDD,65002,2026-05-08T01:43:15Z,40,3,1025,A,3429.0825,N,13611.8122,E,414.2,A,8,1*48
$BNRDD,65002,2026-05-08T01:43:20Z,36,3,1028,A,3429.0750,N,13611.8122,E,414.5,A,10,1*71
$BNRDD,65002,2026-05-08T01:43:25Z,34,3,1031,A,3429.0675,N,13611.8128,E,414.8,A,10,1*7F
$BNRDD,65002,2026-05-08T01:43:30Z,34,3,1034,A,3429.0600,N,13611.8126,E,415.0,A,7,1*4D
$BNRDD,65002,2026-05-08T01:43:35Z,33,3,1037,A,3429.0526,N,13611.8122,E,415.3,A,8,1*43
$BNRDD,65002,2026-05-08T01:43:40Z,36,3,1040,A,3429.0460,N,13611.8080,E,415.6,A,10,1*72
$BNRDD,65002,2026-05-08T01:43:45Z,38,3,1043,A,3429.0391,N,13611.8046,E,415.9,A,7,1*40
$BNRDD,65002,2026-05-08T01:43:50Z,32,3,1046,A,3429.0318,N,13611.8029,E,416.1,A,8,1*47
$BNRDD,65002,2026-05-08T01:43:55Z,28,2,1048,A,3429.0244,N,13611.8034,E,416.4,A,10,1*7E
$BNRDD,65002,2026-05-08T01:44:00Z,37,3,1051,A,3429.0170,N,13611.8049,E,416.7,A,8,1*4A
$BNRDD,65002,2026-05-08T01:44:05Z,38,3,1054,A,3429.0096,N,13611.8053,E,417.0,A,9,1*40
$BNRDD,65002,2026-05-08T01:44:10Z,37,3,1057,A,3429.0027,N,13611.8016,E,417.2,A,8,1*40
$BNRDD,65002,2026-05-08T01:44:15Z,42,4,1061,A,3428.9960,N,13611.7976,E,417.5,A,9,1*41
$BNRDD,65002,2026-05-08T01:44:20Z,30,2,1063,A,3428.9953,N,13611.7915,E,417.8,A,9,1*4E
$BNRDD,65002,2026-05-08T01:44:25Z,31,3,1066,A,3429.0018,N,13611.7868,E,418.0,A,10,1*74
$BNRDD,65002,2026-05-08T01:44:30Z,39,3,1069,A,3429.0080,N,13611.7817,E,418.3,A,10,1*7D
$BNRDD,65002,2026-05-08T01:44:35Z,41,3,1072,A,3429.0142,N,13611.7768,E,418.6,A,9,1*48
$BNRDD,65002,2026-05-08T01:44:40Z,33,3,1075,A,3429.0202,N,13611.7714,E,418.9,A,7,1*45
$BNRDD,65002,2026-05-08T01:44:45Z,35,3,1078,A,3429.0265,N,13611.7664,E,419.1,A,7,1*45
$BNRDD,65002,2026-05-08T01:44:50Z,39,3,1081,A,3429.0328,N,13611.7615,E,419.4,A,9,1*4E
$BNRDD,65002,2026-05-08T01:44:55Z,36,3,1084,A,3429.0396,N,13611.7578,E,419.7,A,7,1*41
$BNRDD,65002,2026-05-08T01:45:00Z,49,4,1088,A,3429.0469,N,13611.7556,E,420.0,A,7,1*45
$BNRDD,65002,2026-05-08T01:45:05Z,40,3,1091,A,3429.0543,N,13611.7540,E,420.2,A,9,1*44
$BNRDD,65002,2026-05-08T01:45:10Z,30,2,1093,A,3429.0617,N,13611.7540,E,420.5,A,8,1*40
$BNRDD,65002,2026-05-08T01:45:15Z,38,3,1096,A,3429.0692,N,13611.7545,E,420.8,A,10,1*75
$BNRDD,65002,2026-05-08T01:45:20Z,34,3,1099,A,3429.0767,N,13611.7546,E,421.1,A,9,1*48
$BNRDD,65002,2026-05-08T01:45:25Z,38,3,1102,A,3429.0842,N,13611.7551,E,421.3,A,8,1*4F
$BNRDD,65002,2026-05-08T01:45:30Z,42,4,1106,A,3429.0917,N,13611.7549,E,421.6,A,10,1*71
$BNRDD,65002,2026-05-08T01:45:35Z,41,3,1109,A,3429.0991,N,13611.7539,E,421.9,A,7,1*4F
$BNRDD,65002,2026-05-08T01:45:40Z,35,3,1112,A,3429.1065,N,13611.7523,E,422.1,A,9,1*49
$BNRDD,65002,2026-05-08T01:45:45Z,40,3,1115,A,3429.1138,N,13611.7506,E,422.4,A,7,1*4C
$BNRDD,65002,2026-05-08T01:45:50Z,41,3,1118,A,3429.1212,N,13611.7491,E,422.7,A,10,1*75
$BNRDD,65002,2026-05-08T01:45:55Z,37,3,1121,A,3429.1287,N,13611.7482,E,423.0,A,9,1*4B
$BNRDD,65002,2026-05-08T01:46:00Z,37,3,1124,A,3429.1362,N,13611.7480,E,423.2,A,7,1*49
$BNRDD,65002,2026-05-08T01:46:05Z,36,3,1127,A,3429.1436,N,13611.7492,E,423.5,A,10,1*7A
$BNRDD,65002,2026-05-08T01:46:10Z,42,4,1131,A,3429.1511,N,13611.7499,E,423.8,A,7,1*49
$BNRDD,65002,2026-05-08T01:46:15Z,42,4,1135,A,3429.1585,N,13611.7509,E,424.1,A,10,1*75
$BNRDD,65002,2026-05-08T01:46:20Z,42,4,1139,A,3429.1659,N,13611.7522,E,424.3,A,7,1*40
$BNRDD,65002,2026-05-08T01:46:25Z,31,3,1142,A,3429.1733,N,13611.7535,E,424.6,A,10,1*72
$BNRDD,65002,2026-05-08T01:46:30Z,34,3,1145,A,3429.1808,N,13611.7548,E,424.9,A,9,1*4E
$BNRDD,65002,2026-05-08T01:46:35Z,38,3,1148,A,3429.1882,N,13611.7561,E,425.2,A,10,1*71
$BNRDD,65002,2026-05-08T01:46:40Z,33,3,1151,A,3429.1956,N,13611.7575,E,425.4,A,8,1*42
$BNRDD,65002,2026-05-08T01:46:45Z,33,3,1154,A,3429.2031,N,13611.7576,E,425.7,A,9,1*48
$BNRDD,65002,2026-05-08T01:46:50Z,30,2,1156,A,3429.2105,N,13611.7574,E,426.0,A,10,1*74
$BNRDD,65002,2026-05-08T01:46:55Z,37,3,1159,A,3429.2180,N,13611.7564,E,426.2,A,10,1*76
$BNRDD,65002,2026-05-08T01:47:00Z,48,4,1163,A,3429.2254,N,13611.7555,E,426.5,A,8,1*47
$BNRDD,65002,2026-05-08T01:47:05Z,43,4,1167,A,3429.2328,N,13611.7539,E,426.8,A,8,1*40
$BNRDD,65002,2026-05-08T01:47:10Z,40,3,1170,A,3429.2402,N,13611.7527,E,427.1,A,10,1*77
$BNRDD,65002,2026-05-08T01:47:15Z,41,3,1173,A,3429.2477,N,13611.7516,E,427.3,A,7,1*44
$BNRDD,65002,2026-05-08T01:47:20Z,32,3,1176,A,3429.2551,N,13611.7508,E,427.6,A,7,1*4C
$BNRDD,65002,2026-05-08T01:47:25Z,38,3,1179,A,3429.2626,N,13611.7498,E,427.9,A,10,1*7E
$BNRDD,65002,2026-05-08T01:47:30Z,47,4,1183,A,3429.2700,N,13611.7484,E,428.2,A,8,1*45
$BNRDD,65002,2026-05-08T01:47:35Z,39,3,1186,A,3429.2774,N,13611.7474,E,428.4,A,10,1*78
$BNRDD,65002,2026-05-08T01:47:40Z,44,4,1190,A,3429.2849,N,13611.7465,E,428.7,A,9,1*4A
$BNRDD,65002,2026-05-08T01:47:45Z,40,3,1193,A,3429.2923,N,13611.7456,E,429.0,A,10,1*7C
$BNRDD,65002,2026-05-08T01:47:50Z,47,4,1197,A,3429.2998,N,13611.7453,E,429.3,A,8,1*43
$BNRDD,65002,2026-05-08T01:47:55Z,31,3,1200,A,3429.3073,N,13611.7449,E,429.5,A,10,1*74
$BNRDD,65002,2026-05-08T01:48:00Z,37,3,1203,A,3429.3148,N,13611.7444,E,429.8,A,8,1*4E
$BNRDD,65002,2026-05-08T01:48:05Z,40,3,1206,A,3429.3223,N,13611.7444,E,430.1,A,7,1*4E
$BNRDD,65002,2026-05-08T01:48:10Z,42,4,1210,A,3429.3298,N,13611.7446,E,430.3,A,10,1*7E
$BNRDD,65002,2026-05-08T01:48:15Z,50,4,1214,A,3429.3373,N,13611.7450,E,430.6,A,9,1*42
$BNRDD,65002,2026-05-08T01:48:20Z,48,4,1218,A,3429.3448,N,13611.7450,E,430.9,A,7,1*4F
$BNRDD,65002,2026-05-08T01:48:25Z,41,3,1221,A,3429.3523,N,13611.7450,E,431.2,A,9,1*46
$BNRDD,65002,2026-05-08T01:48:30Z,29,2,1223,A,3429.3598,N,13611.7450,E,431.4,A,10,1*71
$BNRDD,65002,2026-05-08T01:48:35Z,37,3,1226,A,3429.3673,N,13611.7450,E,431.7,A,8,1*43
$BNRDD,65002,2026-05-08T01:48:40Z,41,3,1229,A,3429.3747,N,13611.7445,E,432.0,A,9,1*48
$BNRDD,65002,2026-05-08T01:48:45Z,30,2,1231,A,3429.3822,N,13611.7436,E,432.3,A,10,1*70
$BNRDD,65002,2026-05-08T01:48:50Z,27,2,1233,A,3429.3894,N,13611.7412,E,432.5,A,8,1*44
$BNRDD,65002,2026-05-08T01:48:55Z,27,2,1235,A,3429.3962,N,13611.7373,E,432.8,A,8,1*42
$BNRDD,65002,2026-05-08T01:49:00Z,24,2,1237,A,3429.4027,N,13611.7328,E,433.1,A,10,1*72
$BNRDD,65002,2026-05-08T01:49:05Z,44,4,1241,A,3429.4089,N,13611.7277,E,433.4,A,7,1*4A
$BNRDD,65002,2026-05-08T01:49:10Z,43,4,1245,A,3429.4147,N,13611.7221,E,433.6,A,10,1*79
$BNRDD,65002,2026-05-08T01:49:15Z,30,2,1247,A,3429.4208,N,13611.7168,E,433.9,A,10,1*75
$BNRDD,65002,2026-05-08T01:49:20Z,32,3,1250,A,3429.4267,N,13611.7111,E,434.2,A,8,1*44
$BNRDD,65002,2026-05-08T01:49:25Z,44,4,1254,A,3429.4325,N,13611.7053,E,434.4,A,10,1*7C
$BNRDD,65002,2026-05-08T01:49:30Z,47,4,1258,A,3429.4385,N,13611.7000,E,434.7,A,9,1*40
$BNRDD,65002,2026-05-08T01:49:35Z,29,2,1260,A,3429.4442,N,13611.6942,E,435.0,A,7,1*4A
$BNRDD,65002,2026-05-08T01:49:40Z,31,3,1263,A,3429.4503,N,13611.6889,E,435.3,A,10,1*74
$BNRDD,65002,2026-05-08T01:49:45Z,42,4,1267,A,3429.4563,N,13611.6834,E,435.5,A,7,1*46
$BNRDD,65002,2026-05-08T01:49:50Z,45,4,1271,A,3429.4626,N,13611.6786,E,435.8,A,8,1*44
$BNRDD,65002,2026-05-08T01:49:55Z,24,2,1273,A,3429.4694,N,13611.6749,E,436.1,A,7,1*4D
$BNRDD,65002,2026-05-08T01:50:00Z,20,2,1275,A,3429.4767,N,13611.6730,E,436.4,A,9,1*4F
$BNRDD,65002,2026-05-08T01:50:05Z,48,4,1279,A,3429.4842,N,13611.6734,E,436.6,A,10,1*78
$BNRDD,65002,2026-05-08T01:50:10Z,41,3,1282,A,3429.4916,N,13611.6748,E,436.9,A,10,1*72
$BNRDD,65002,2026-05-08T01:50:15Z,26,2,1284,A,3429.4989,N,13611.6770,E,437.2,A,9,1*4E
$BNRDD,65002,2026-05-08T01:50:20Z,26,2,1286,A,3429.5061,N,13611.6794,E,437.5,A,10,1*71
$BNRDD,65002,2026-05-08T01:50:25Z,36,3,1289,A,3429.5133,N,13611.6819,E,437.7,A,7,1*43
$BNRDD,65002,2026-05-08T01:50:30Z,40,3,1292,A,3429.5206,N,13611.6841,E,438.0,A,9,1*42
$BNRDD,65002,2026-05-08T01:50:35Z,33,3,1295,A,3429.5278,N,13611.6863,E,438.3,A,8,1*4F
$BNRDD,65002,2026-05-08T01:50:40Z,35,3,1298,A,3429.5351,N,13611.6886,E,438.5,A,7,1*4E
$BNRDD,65002,2026-05-08T01:50:45Z,37,3,1301,A,3429.5424,N,13611.6905,E,438.8,A,7,1*4A
$BNRDD,65002,2026-05-08T01:50:50Z,35,3,1304,A,3429.5498,N,13611.6916,E,439.1,A,7,1*44
$BNRDD,65002,2026-05-08T01:50:55Z,46,4,1308,A,3429.5572,N,13611.6907,E,439.4,A,7,1*4E
$BNRDD,65002,2026-05-08T01:51:00Z,43,4,1312,A,3429.5624,N,13611.6962,E,439.6,A,9,1*4E
$BNRDD,65002,2026-05-08T01:51:05Z,45,4,1316,A,3429.5690,N,13611.7003,E,439.9,A,9,1*46
$BNRDD,65002,2026-05-08T01:51:10Z,41,3,1319,A,3429.5756,N,13611.7047,E,440.2,A,10,1*78
$BNRDD,65002,2026-05-08T01:51:15Z,47,4,1323,A,3429.5822,N,13611.7090,E,440.5,A,8,1*4D
$BNRDD,65002,2026-05-08T01:51:20Z,47,4,1327,A,3429.5888,N,13611.7131,E,440.7,A,10,1*7E
$BNRDD,65002,2026-05-08T01:51:25Z,48,4,1331,A,3429.5959,N,13611.7127,E,441.0,A,8,1*46
$BNRDD,65002,2026-05-08T01:51:30Z,40,3,1334,A,3429.6028,N,13611.7091,E,441.3,A,8,1*4B
$BNRDD,65002,2026-05-08T01:51:35Z,46,4,1338,A,3429.6087,N,13611.7037,E,441.6,A,10,1*76
$BNRDD,65002,2026-05-08T01:51:40Z,42,4,1342,A,3429.6145,N,13611.6979,E,441.8,A,7,1*48
$BNRDD,65002,2026-05-08T01:51:45Z,41,3,1345,A,3429.6205,N,13611.6925,E,442.1,A,10,1*7C
$BNRDD,65002,2026-05-08T01:51:50Z,51,4,1349,A,3429.6263,N,13611.6867,E,442.4,A,8,1*49
$BNRDD,65002,2026-05-08T01:51:55Z,38,3,1352,A,3429.6323,N,13611.6813,E,442.6,A,7,1*45
$BNRDD,65002,2026-05-08T01:52:00Z,38,3,1355,A,3429.6376,N,13611.6808,E,442.9,A,9,1*4A
$BNRDD,65002,2026-05-08T01:52:05Z,43,4,1359,A,3429.6408,N,13611.6887,E,443.2,A,10,1*73
$BNRDD,65002,2026-05-08T01:52:10Z,40,3,1362,A,3429.6442,N,13611.6961,E,443.5,A,9,1*43
$BNRDD,65002,2026-05-08T01:52:15Z,38,3,1365,A,3429.6514,N,13611.6976,E,443.7,A,8,1*49
$BNRDD,65002,2026-05-08T01:52:20Z,50,4,1369,A,3429.6587,N,13611.6957,E,444.0,A,7,1*4C
$BNRDD,65002,2026-05-08T01:52:25Z,42,4,1373,A,3429.6658,N,13611.6928,E,444.3,A,8,1*44
$BNRDD,65002,2026-05-08T01:52:30Z,38,3,1376,A,3429.6729,N,13611.6897,E,444.6,A,9,1*49
$BNRDD,65002,2026-05-08T01:52:35Z,44,4,1380,A,3429.6795,N,13611.6857,E,444.8,A,9,1*4C
$BNRDD,65002,2026-05-08T01:52:40Z,49,4,1384,A,3429.6850,N,13611.6795,E,445.1,A,10,1*70
$BNRDD,65002,2026-05-08T01:52:45Z,39,3,1387,A,3429.6892,N,13611.6720,E,445.4,A,9,1*4B
$BNRDD,65002,2026-05-08T01:52:50Z,46,4,1391,A,3429.6933,N,13611.6645,E,445.7,A,7,1*42
$BNRDD,65002,2026-05-08T01:52:55Z,38,3,1394,A,3429.6979,N,13611.6573,E,445.9,A,10,1*7C
$BNRDD,65002,2026-05-08T01:53:00Z,42,4,1398,A,3429.7031,N,13611.6508,E,446.2,A,8,1*42
$BNRDD,65002,2026-05-08T01:53:05Z,32,3,1401,A,3429.7096,N,13611.6463,E,446.5,A,9,1*47
$BNRDD,65002,2026-05-08T01:53:10Z,39,3,1404,A,3429.7170,N,13611.6454,E,446.7,A,9,1*42
$BNRDD,65002,2026-05-08T01:53:15Z,41,3,1407,A,3429.7240,N,13611.6427,E,447.0,A,8,1*48
$BNRDD,65002,2026-05-08T01:53:20Z,32,3,1410,A,3429.7311,N,13611.6397,E,447.3,A,7,1*49
$BNRDD,65002,2026-05-08T01:53:25Z,32,3,1413,A,3429.7382,N,13611.6370,E,447.6,A,9,1*47
$BNRDD,65002,2026-05-08T01:53:30Z,38,3,1416,A,3429.7457,N,13611.6374,E,447.8,A,9,1*49
$BNRDD,65002,2026-05-08T01:53:35Z,35,3,1419,A,3429.7531,N,13611.6385,E,448.1,A,8,1*46
$BNRDD,65002,2026-05-08T01:53:40Z,39,3,1422,A,3429.7606,N,13611.6388,E,448.4,A,10,1*76
$BNRDD,65002,2026-05-08T01:53:45Z,38,3,1425,A,3429.7680,N,13611.6394,E,448.7,A,8,1*4C
$BNRDD,65002,2026-05-08T01:53:50Z,38,3,1428,A,3429.7755,N,13611.6392,E,448.9,A,9,1*45
$BNRDD,65002,2026-05-08T01:53:55Z,37,3,1431,A,3429.7829,N,13611.6382,E,449.2,A,9,1*48
$BNRDD,65002,2026-05-08T01:54:00Z,33,3,1434,A,3429.7899,N,13611.6414,E,449.5,A,10,1*72
$BNRDD,65002,2026-05-08T01:54:05Z,30,2,1436,A,3429.7968,N,13611.6448,E,449.7,A,9,1*4B
$BNRDD,65002,2026-05-08T01:54:10Z,36,3,1439,A,3429.8042,N,13611.6462,E,450.0,A,7,1*40
$BNRDD,65002,2026-05-08T01:54:15Z,33,3,1442,A,3429.8116,N,13611.6461,E,450.3,A,10,1*7A
$BNRDD,65002,2026-05-08T01:54:20Z,38,3,1445,A,3429.8188,N,13611.6438,E,450.6,A,8,1*47
$BNRDD,65002,2026-05-08T01:54:25Z,30,2,1447,A,3429.8260,N,13611.6412,E,450.8,A,10,1*73
$BNRDD,65002,2026-05-08T01:54:30Z,35,3,1450,A,3429.8332,N,13611.6387,E,451.1,A,9,1*48
$BNRDD,65002,2026-05-08T01:54:35Z,29,2,1452,A,3429.8406,N,13611.6375,E,451.4,A,7,1*45
$BNRDD,65002,2026-05-08T01:54:40Z,30,2,1454,A,3429.8474,N,13611.6344,E,451.7,A,7,1*4D
$BNRDD,65002,2026-05-08T01:54:45Z,30,2,1456,A,3429.8535,N,13611.6292,E,451.9,A,10,1*7C
$BNRDD,65002,2026-05-08T01:54:50Z,27,2,1458,A,3429.8607,N,13611.6274,E,452.2,A,9,1*4A
$BNRDD,65002,2026-05-08T01:54:55Z,34,3,1461,A,3429.8680,N,13611.6274,E,452.5,A,10,1*76
$BNRDD,65002,2026-05-08T01:55:00Z,44,4,1465,A,3429.8753,N,13611.6258,E,452.8,A,7,1*49
$BNRDD,65002,2026-05-08T01:55:05Z,31,3,1468,A,3429.8825,N,13611.6235,E,453.0,A,8,1*47
$BNRDD,65002,2026-05-08T01:55:10Z,35,3,1471,A,3429.8898,N,13611.6214,E,453.3,A,9,1*48
$BNRDD,65002,2026-05-08T01:55:15Z,41,3,1474,A,3429.8973,N,13611.6205,E,453.6,A,8,1*4B
$BNRDD,65002,2026-05-08T01:55:20Z,37,3,1477,A,3429.9047,N,13611.6202,E,453.8,A,10,1*70
$BNRDD,65002,2026-05-08T01:55:25Z,35,3,1480,A,3429.9122,N,13611.6196,E,454.1,A,9,1*45
$BNRDD,65002,2026-05-08T01:55:30Z,25,2,1482,A,3429.9197,N,13611.6190,E,454.4,A,7,1*40
$BNRDD,65002,2026-05-08T01:55:35Z,25,2,1484,A,3429.9271,N,13611.6187,E,454.7,A,7,1*4D
$BNRDD,65002,2026-05-08T01:55:40Z,25,2,1486,A,3429.9323,N,13611.6245,E,454.9,A,7,1*48
$BNRDD,65002,2026-05-08T01:55:45Z,29,2,1488,A,3429.9391,N,13611.6278,E,455.2,A,8,1*4D
$BNRDD,65002,2026-05-08T01:55:50Z,27,2,1490,A,3429.9461,N,13611.6260,E,455.5,A,10,1*71
$BNRDD,65002,2026-05-08T01:55:55Z,25,2,1492,A,3429.9518,N,13611.6202,E,455.8,A,9,1*4A
$BNRDD,65002,2026-05-08T01:56:00Z,24,2,1494,A,3429.9586,N,13611.6166,E,456.0,A,10,1*7B
$BNRDD,65002,2026-05-08T01:56:05Z,30,2,1496,A,3429.9656,N,13611.6137,E,456.3,A,8,1*49
$BNRDD,65002,2026-05-08T01:56:10Z,39,3,1499,A,3429.9716,N,13611.6178,E,456.6,A,10,1*78
$BNRDD,65002,2026-05-08T01:56:15Z,26,2,1501,A,3429.9773,N,13611.6235,E,456.9,A,10,1*74
$BNRDD,65002,2026-05-08T01:56:20Z,31,3,1504,A,3429.9846,N,13611.6250,E,457.1,A,9,1*4B
$BNRDD,65002,2026-05-08T01:56:25Z,28,2,1506,A,3429.9921,N,13611.6256,E,457.4,A,8,1*47
$BNRDD,65002,2026-05-08T01:56:30Z,22,2,1508,A,3429.9994,N,13611.6273,E,457.7,A,9,1*4C
$BNRDD,65002,2026-05-08T01:56:35Z,31,3,1511,A,3430.0067,N,13611.6292,E,457.9,A,7,1*49
$BNRDD,65002,2026-05-08T01:56:40Z,32,3,1514,A,3430.0141,N,13611.6308,E,458.2,A,9,1*40
$BNRDD,65002,2026-05-08T01:56:45Z,34,3,1517,A,3430.0213,N,13611.6331,E,458.5,A,7,1*47
$BNRDD,65002,2026-05-08T01:56:50Z,32,3,1520,A,3430.0284,N,13611.6361,E,458.8,A,7,1*47
$BNRDD,65002,2026-05-08T01:56:55Z,73,6,1526,A,3430.0355,N,13611.6381,E,459.0,A,10,1*78
$BNRDD,65002,2026-05-08T01:57:00Z,42,4,1530,A,3430.0421,N,13611.6341,E,459.3,A,7,1*43
$BNRDD,65002,2026-05-08T01:57:05Z,42,4,1534,A,3430.0480,N,13611.6371,E,459.6,A,7,1*4F
$BNRDD,65002,2026-05-08T01:57:10Z,41,3,1537,A,3430.0536,N,13611.6432,E,459.9,A,8,1*40
$BNRDD,65002,2026-05-08T01:57:15Z,37,3,1540,A,3430.0591,N,13611.6493,E,460.1,A,8,1*40
$BNRDD,65002,2026-05-08T01:57:20Z,46,4,1544,A,3430.0648,N,13611.6552,E,460.4,A,8,1*4D
$BNRDD,65002,2026-05-08T01:57:25Z,75,6,1550,A,3430.0701,N,13611.6616,E,460.7,A,8,1*43
$BNRDD,65002,2026-05-08T01:57:30Z,49,4,1554,A,3430.0743,N,13611.6683,E,461.0,A,8,1*42
$BNRDD,65002,2026-05-08T01:57:35Z,65,5,1559,A,3430.0739,N,13611.6774,E,461.2,A,7,1*4C
$BNRDD,65002,2026-05-08T01:57:40Z,103,9,1568,A,3430.0750,N,13611.6862,E,461.5,A,8,1*7E
$BNRDD,65002,2026-05-08T01:57:45Z,50,4,1572,A,3430.0773,N,13611.6948,E,461.8,A,9,1*4E
$BNRDD,65002,2026-05-08T01:57:50Z,62,5,1577,A,3430.0802,N,13611.7032,E,462.0,A,7,1*46
$BNRDD,65002,2026-05-08T01:57:55Z,34,3,1580,A,3430.0835,N,13611.7114,E,462.3,A,8,1*43
$BNRDD,65002,2026-05-08T01:58:00Z,68,6,1586,A,3430.0869,N,13611.7195,E,462.6,A,8,1*43
$BNRDD,65002,2026-05-08T01:58:05Z,50,4,1590,A,3430.0902,N,13611.7276,E,462.9,A,9,1*44
$BNRDD,65002,2026-05-08T01:58:10Z,55,5,1595,A,3430.0939,N,13611.7348,E,463.1,A,8,1*4D
$BNRDD,65002,2026-05-08T01:58:15Z,46,4,1599,A,3430.1013,N,13611.7360,E,463.4,A,10,1*71
$BNRDD,65002,2026-05-08T01:58:20Z,38,3,1602,A,3430.1077,N,13611.7404,E,463.7,A,10,1*7C
$BNRDD,65002,2026-05-08T01:58:25Z,39,3,1605,A,3430.1137,N,13611.7458,E,464.0,A,10,1*73
$BNRDD,65002,2026-05-08T01:58:30Z,42,4,1609,A,3430.1203,N,13611.7502,E,464.2,A,7,1*4E
$BNRDD,65002,2026-05-08T01:58:35Z,34,3,1612,A,3430.1271,N,13611.7537,E,464.5,A,10,1*75
$BNRDD,65002,2026-05-08T01:58:40Z,28,2,1614,A,3430.1340,N,13611.7573,E,464.8,A,7,1*45
$BNRDD,65002,2026-05-08T01:58:45Z,39,3,1617,A,3430.1407,N,13611.7614,E,465.1,A,9,1*42
$BNRDD,65002,2026-05-08T01:58:50Z,29,2,1619,A,3430.1478,N,13611.7640,E,465.3,A,7,1*4D
$BNRDD,65002,2026-05-08T01:58:55Z,41,3,1622,A,3430.1549,N,13611.7669,E,465.6,A,10,1*74
$BNRDD,65002,2026-05-08T01:59:00Z,46,4,1626,A,3430.1620,N,13611.7699,E,465.9,A,7,1*4B
$BNRDD,65002,2026-05-08T01:59:05Z,38,3,1629,A,3430.1685,N,13611.7744,E,466.1,A,10,1*7C
$BNRDD,65002,2026-05-08T01:59:10Z,45,4,1633,A,3430.1735,N,13611.7811,E,466.4,A,7,1*48
$BNRDD,65002,2026-05-08T01:59:15Z,44,4,1637,A,3430.1778,N,13611.7886,E,466.7,A,9,1*42
$BNRDD,65002,2026-05-08T01:59:20Z,49,4,1641,A,3430.1812,N,13611.7966,E,467.0,A,9,1*42
$BNRDD,65002,2026-05-08T01:59:25Z,45,4,1645,A,3430.1841,N,13611.8050,E,467.2,A,9,1*48
$BNRDD,65002,2026-05-08T01:59:30Z,46,4,1649,A,3430.1863,N,13611.8137,E,467.5,A,9,1*44
$BNRDD,65002,2026-05-08T01:59:35Z,56,5,1654,A,3430.1887,N,13611.8222,E,467.8,A,10,1*75
$BNRDD,65002,2026-05-08T01:59:40Z,45,4,1658,A,3430.1913,N,13611.8307,E,468.1,A,7,1*42
$BNRDD,65002,2026-05-08T01:59:45Z,53,4,1662,A,3430.1927,N,13611.8396,E,468.3,A,8,1*4B
$BNRDD,65002,2026-05-08T01:59:50Z,43,4,1666,A,3430.1942,N,13611.8486,E,468.6,A,10,1*73
$BNRDD,65002,2026-05-08T01:59:55Z,59,5,1671,A,3430.1976,N,13611.8566,E,468.9,A,9,1*45
$BNRDD,65002,2026-05-08T02:00:00Z,53,4,1675,A,3430.2010,N,13611.8646,E,469.2,A,7,1*4A
$BNRDD,65002,2026-05-08T02:00:05Z,45,4,1679,A,3430.2043,N,13611.8728,E,469.4,A,9,1*43
$BNRDD,65002,2026-05-08T02:00:10Z,45,4,1683,A,3430.2080,N,13611.8807,E,469.7,A,9,1*4C
$BNRDD,65002,2026-05-08T02:00:15Z,56,5,1688,A,3430.2118,N,13611.8885,E,470.0,A,8,1*45
$BNRDD,65002,2026-05-08T02:00:20Z,50,4,1692,A,3430.2157,N,13611.8963,E,470.2,A,7,1*40
$BNRDD,65002,2026-05-08T02:00:25Z,45,4,1696,A,3430.2198,N,13611.9039,E,470.5,A,7,1*46
$BNRDD,65002,2026-05-08T02:00:30Z,55,5,1701,A,3430.2242,N,13611.9113,E,470.8,A,9,1*43
$BNRDD,65002,2026-05-08T02:00:35Z,57,5,1706,A,3430.2290,N,13611.9182,E,471.1,A,8,1*4D
$BNRDD,65002,2026-05-08T02:00:40Z,33,3,1709,A,3430.2335,N,13611.9255,E,471.3,A,9,1*40
$BNRDD,65002,2026-05-08T02:00:45Z,49,4,1713,A,3430.2370,N,13611.9335,E,471.6,A,7,1*49
$BNRDD,65002,2026-05-08T02:00:50Z,39,3,1716,A,3430.2403,N,13611.9416,E,471.9,A,10,1*74
$BNRDD,65002,2026-05-08T02:00:55Z,49,4,1720,A,3430.2437,N,13611.9498,E,472.2,A,7,1*4B
$BNRDD,65002,2026-05-08T02:01:00Z,50,4,1724,A,3430.2473,N,13611.9577,E,472.4,A,9,1*4E
$BNRDD,65002,2026-05-08T02:01:05Z,51,4,1728,A,3430.2514,N,13611.9653,E,472.7,A,7,1*4E
$BNRDD,65002,2026-05-08T02:01:10Z,48,4,1732,A,3430.2565,N,13611.9707,E,473.0,A,10,1*7F
$BNRDD,65002,2026-05-08T02:01:15Z,52,4,1736,A,3430.2639,N,13611.9718,E,473.3,A,8,1*4B
$BNRDD,65002,2026-05-08T02:01:20Z,58,5,1741,A,3430.2714,N,13611.9724,E,473.5,A,9,1*40
$BNRDD,65002,2026-05-08T02:01:25Z,51,4,1745,A,3430.2789,N,13611.9727,E,473.8,A,7,1*4D
$BNRDD,65002,2026-05-08T02:01:30Z,55,5,1750,A,3430.2864,N,13611.9730,E,474.1,A,10,1*7A
$BNRDD,65002,2026-05-08T02:01:35Z,50,4,1754,A,3430.2938,N,13611.9730,E,474.3,A,7,1*43
$BNRDD,65002,2026-05-08T02:01:40Z,51,4,1758,A,3430.3013,N,13611.9734,E,474.6,A,9,1*42
$BNRDD,65002,2026-05-08T02:01:45Z,55,5,1763,A,3430.3084,N,13611.9759,E,474.9,A,7,1*4E
$BNRDD,65002,2026-05-08T02:01:50Z,66,6,1769,A,3430.3151,N,13611.9801,E,475.2,A,9,1*4C
$BNRDD,65002,2026-05-08T02:01:55Z,74,6,1775,A,3430.3216,N,13611.9845,E,475.4,A,9,1*41
$BNRDD,65002,2026-05-08T02:02:00Z,63,5,1780,A,3430.3284,N,13611.9881,E,475.7,A,8,1*4C
$BNRDD,65002,2026-05-08T02:02:05Z,68,6,1786,A,3430.3355,N,13611.9912,E,476.0,A,10,1*7C
$BNRDD,65002,2026-05-08T02:02:10Z,75,6,1792,A,3430.3427,N,13611.9938,E,476.3,A,7,1*4E
$BNRDD,65002,2026-05-08T02:02:15Z,65,5,1797,A,3430.3498,N,13611.9966,E,476.5,A,7,1*45
$BNRDD,65002,2026-05-08T02:02:20Z,61,5,1802,A,3430.3569,N,13611.9995,E,476.8,A,10,1*7C
$BNRDD,65002,2026-05-08T02:02:25Z,55,5,1807,A,3430.3642,N,13612.0016,E,477.1,A,10,1*71
$BNRDD,65002,2026-05-08T02:02:30Z,56,5,1812,A,3430.3715,N,13612.0034,E,477.4,A,9,1*4C
$BNRDD,65002,2026-05-08T02:02:35Z,49,4,1816,A,3430.3788,N,13612.0057,E,477.6,A,7,1*4F
$BNRDD,65002,2026-05-08T02:02:40Z,58,5,1821,A,3430.3859,N,13612.0083,E,477.9,A,7,1*4D
$BNRDD,65002,2026-05-08T02:02:45Z,54,4,1825,A,3430.3929,N,13612.0116,E,478.2,A,7,1*4E
$BNRDD,65002,2026-05-08T02:02:50Z,45,4,1829,A,3430.4000,N,13612.0141,E,478.4,A,10,1*71
$BNRDD,65002,2026-05-08T02:02:55Z,53,4,1833,A,3430.4071,N,13612.0163,E,478.7,A,10,1*7D
$BNRDD,65002,2026-05-08T02:03:00Z,55,5,1838,A,3430.4146,N,13612.0174,E,479.0,A,7,1*43
$BNRDD,65002,2026-05-08T02:03:05Z,47,4,1842,A,3430.4216,N,13612.0193,E,479.3,A,9,1*4B
$BNRDD,65002,2026-05-08T02:03:10Z,42,4,1846,A,3430.4289,N,13612.0215,E,479.5,A,10,1*7B
$BNRDD,65002,2026-05-08T02:03:15Z,59,5,1851,A,3430.4361,N,13612.0238,E,479.8,A,9,1*4E
$BNRDD,65002,2026-05-08T02:03:20Z,62,5,1856,A,3430.4435,N,13612.0258,E,480.1,A,7,1*46
$BNRDD,65002,2026-05-08T02:03:25Z,45,4,1860,A,3430.4509,N,13612.0269,E,480.4,A,7,1*4B
$BNRDD,65002,2026-05-08T02:03:30Z,47,4,1864,A,3430.4567,N,13612.0324,E,480.6,A,8,1*44
$BNRDD,65002,2026-05-08T02:03:35Z,54,4,1868,A,3430.4613,N,13612.0395,E,480.9,A,9,1*4B
$BNRDD,65002,2026-05-08T02:03:40Z,43,4,1872,A,3430.4657,N,13612.0469,E,481.2,A,10,1*72
$BNRDD,65002,2026-05-08T02:03:45Z,46,4,1876,A,3430.4702,N,13612.0541,E,481.5,A,10,1*7B
$BNRDD,65002,2026-05-08T02:03:50Z,46,4,1880,A,3430.4745,N,13612.0616,E,481.7,A,8,1*4F
$BNRDD,65002,2026-05-08T02:03:55Z,48,4,1884,A,3430.4789,N,13612.0688,E,482.0,A,9,1*42
$BNRDD,65002,2026-05-08T02:04:00Z,31,3,1887,A,3430.4838,N,13612.0758,E,482.3,A,7,1*4B
$BNRDD,65002,2026-05-08T02:04:05Z,28,2,1889,A,3430.4887,N,13612.0827,E,482.5,A,10,1*7A
$BNRDD,65002,2026-05-08T02:04:10Z,32,3,1892,A,3430.4929,N,13612.0902,E,482.8,A,9,1*48
$BNRDD,65002,2026-05-08T02:04:15Z,27,2,1894,A,3430.4973,N,13612.0975,E,483.1,A,10,1*71
$BNRDD,65002,2026-05-08T02:04:20Z,22,2,1896,A,3430.5017,N,13612.1049,E,483.4,A,10,1*78
$BNRDD,65002,2026-05-08T02:04:25Z,24,2,1898,A,3430.5057,N,13612.1126,E,483.6,A,9,1*43
$BNRDD,65002,2026-05-08T02:04:30Z,26,2,1900,A,3430.5099,N,13612.1201,E,483.9,A,9,1*4E
$BNRDD,65002,2026-05-08T02:04:35Z,26,2,1902,A,3430.5148,N,13612.1270,E,484.2,A,8,1*4F
$BNRDD,65002,2026-05-08T02:04:40Z,27,2,1904,A,3430.5192,N,13612.1343,E,484.5,A,9,1*4A
$BNRDD,65002,2026-05-08T02:04:45Z,23,2,1906,A,3430.5241,N,13612.1412,E,484.7,A,7,1*4B
$BNRDD,65002,2026-05-08T02:04:50Z,25,2,1908,A,3430.5289,N,13612.1482,E,485.0,A,10,1*7A
$BNRDD,65002,2026-05-08T02:04:55Z,26,2,1910,A,3430.5327,N,13612.1558,E,485.3,A,10,1*75
$BNRDD,65002,2026-05-08T02:05:00Z,23,2,1912,A,3430.5357,N,13612.1642,E,485.5,A,9,1*42
$BNRDD,65002,2026-05-08T02:05:05Z,25,2,1914,A,3430.5385,N,13612.1726,E,485.8,A,9,1*46
$BNRDD,65002,2026-05-08T02:05:10Z,26,2,1916,A,3430.5412,N,13612.1811,E,486.1,A,7,1*45
$BNRDD,65002,2026-05-08T02:05:15Z,29,2,1918,A,3430.5439,N,13612.1896,E,486.4,A,7,1*42
$BNRDD,65002,2026-05-08T02:05:20Z,20,2,1920,A,3430.5466,N,13612.1981,E,486.6,A,9,1*47
$BNRDD,65002,2026-05-08T02:05:25Z,21,2,1922,A,3430.5498,N,13612.2062,E,486.9,A,9,1*48
$BNRDD,65002,2026-05-08T02:05:30Z,20,2,1924,A,3430.5537,N,13612.2139,E,487.2,A,8,1*4B
$BNRDD,65002,2026-05-08T02:05:35Z,17,1,1925,A,3430.5579,N,13612.2215,E,487.5,A,8,1*48
$BNRDD,65002,2026-05-08T02:05:40Z,24,2,1927,A,3430.5620,N,13612.2290,E,487.7,A,8,1*4B
$BNRDD,65002,2026-05-08T02:05:45Z,24,2,1929,A,3430.5662,N,13612.2366,E,488.0,A,8,1*46
$BNRDD,65002,2026-05-08T02:05:50Z,23,2,1931,A,3430.5704,N,13612.2441,E,488.3,A,8,1*4C
$BNRDD,65002,2026-05-08T02:05:55Z,20,2,1933,A,3430.5746,N,13612.2516,E,488.6,A,10,1*71
$BNRDD,65002,2026-05-08T02:06:00Z,18,2,1935,A,3430.5792,N,13612.2588,E,488.8,A,10,1*7F
$BNRDD,65002,2026-05-08T02:06:05Z,22,2,1937,A,3430.5834,N,13612.2663,E,489.1,A,9,1*44
$BNRDD,65002,2026-05-08T02:06:10Z,23,2,1939,A,3430.5867,N,13612.2744,E,489.4,A,8,1*49
$BNRDD,65002,2026-05-08T02:06:15Z,18,2,1941,A,3430.5893,N,13612.2829,E,489.6,A,10,1*7F
$BNRDD,65002,2026-05-08T02:06:20Z,22,2,1943,A,3430.5925,N,13612.2911,E,489.9,A,9,1*43
$BNRDD,65002,2026-05-08T02:06:25Z,21,2,1945,A,3430.5956,N,13612.2994,E,490.1,A,9,1*4A
$BNRDD,65002,2026-05-08T02:06:30Z,18,2,1947,A,3430.5988,N,13612.3076,E,490.2,A,7,1*4C
$BNRDD,65002,2026-05-08T02:06:35Z,19,2,1949,A,3430.6028,N,13612.3153,E,490.4,A,9,1*48
$BNRDD,65002,2026-05-08T02:06:40Z,19,2,1951,A,3430.6071,N,13612.3228,E,490.5,A,9,1*41
$BNRDD,65002,2026-05-08T02:06:45Z,20,2,1953,A,3430.6112,N,13612.3303,E,490.6,A,9,1*43
$BNRDD,65002,2026-05-08T02:06:50Z,25,2,1955,A,3430.6154,N,13612.3379,E,490.7,A,7,1*44
$BNRDD,65002,2026-05-08T02:06:55Z,23,2,1957,A,3430.6192,N,13612.3457,E,490.9,A,10,1*7C
$BNRDD,65002,2026-05-08T02:07:00Z,18,2,1959,A,3430.6228,N,13612.3537,E,491.0,A,7,1*40
$BNRDD,65002,2026-05-08T02:07:05Z,22,2,1961,A,3430.6266,N,13612.3615,E,491.1,A,10,1*79
$BNRDD,65002,2026-05-08T02:07:10Z,23,2,1963,A,3430.6303,N,13612.3695,E,491.3,A,8,1*4F
$BNRDD,65002,2026-05-08T02:07:15Z,20,2,1965,A,3430.6331,N,13612.3778,E,491.4,A,9,1*4A
$BNRDD,65002,2026-05-08T02:07:20Z,19,2,1967,A,3430.6348,N,13612.3866,E,491.5,A,7,1*45
$BNRDD,65002,2026-05-08T02:07:25Z,19,2,1969,A,3430.6342,N,13612.3956,E,491.7,A,10,1*72
$BNRDD,65002,2026-05-08T02:07:30Z,23,2,1971,A,3430.6342,N,13612.4047,E,491.8,A,9,1*4F
$BNRDD,65002,2026-05-08T02:07:35Z,23,2,1973,A,3430.6338,N,13612.4138,E,491.9,A,7,1*43
$BNRDD,65002,2026-05-08T02:07:40Z,20,2,1975,A,3430.6330,N,13612.4227,E,492.0,A,8,1*44
$BNRDD,65002,2026-05-08T02:07:45Z,21,2,1977,A,3430.6318,N,13612.4316,E,492.2,A,10,1*70
$BNRDD,65002,2026-05-08T02:07:50Z,24,2,1979,A,3430.6294,N,13612.4402,E,492.3,A,8,1*40
$BNRDD,65002,2026-05-08T02:07:55Z,22,2,1981,A,3430.6268,N,13612.4488,E,492.4,A,9,1*43
$BNRDD,65002,2026-05-08T02:08:00Z,21,2,1983,A,3430.6241,N,13612.4572,E,492.6,A,10,1*78
$BNRDD,65002,2026-05-08T02:08:05Z,23,2,1985,A,3430.6228,N,13612.4660,E,492.7,A,9,1*4F
$BNRDD,65002,2026-05-08T02:08:10Z,21,2,1987,A,3430.6232,N,13612.4751,E,492.8,A,9,1*4C
$BNRDD,65002,2026-05-08T02:08:15Z,20,2,1989,A,3430.6250,N,13612.4839,E,492.9,A,7,1*4C
$BNRDD,65002,2026-05-08T02:08:20Z,20,2,1991,A,3430.6266,N,13612.4928,E,493.1,A,10,1*78
$BNRDD,65002,2026-05-08T02:08:25Z,23,2,1993,A,3430.6273,N,13612.5017,E,493.2,A,9,1*47
$BNRDD,65002,2026-05-08T02:08:30Z,21,2,1995,A,3430.6256,N,13612.5105,E,493.3,A,8,1*42
$BNRDD,65002,2026-05-08T02:08:35Z,25,2,1997,A,3430.6240,N,13612.5193,E,493.5,A,9,1*4E
$BNRDD,65002,2026-05-08T02:08:40Z,24,2,1999,A,3430.6226,N,13612.5283,E,493.6,A,9,1*42
$BNRDD,65002,2026-05-08T02:08:45Z,23,2,2001,A,3430.6204,N,13612.5369,E,493.7,A,9,1*4F
$BNRDD,65002,2026-05-08T02:08:50Z,24,2,2003,A,3430.6212,N,13612.5459,E,493.9,A,10,1*7B
$BNRDD,65002,2026-05-08T02:08:55Z,20,2,2005,A,3430.6225,N,13612.5548,E,494.0,A,8,1*4E
$BNRDD,65002,2026-05-08T02:09:00Z,17,1,2006,A,3430.6240,N,13612.5636,E,494.1,A,9,1*42
$BNRDD,65002,2026-05-08T02:09:05Z,18,2,2008,A,3430.6270,N,13612.5719,E,494.2,A,10,1*71
$BNRDD,65002,2026-05-08T02:09:10Z,21,2,2010,A,3430.6315,N,13612.5791,E,494.4,A,8,1*4B
$BNRDD,65002,2026-05-08T02:09:15Z,20,2,2012,A,3430.6368,N,13612.5854,E,494.5,A,7,1*4F
$BNRDD,65002,2026-05-08T02:09:20Z,21,2,2014,A,3430.6409,N,13612.5929,E,494.6,A,9,1*48
$BNRDD,65002,2026-05-08T02:09:25Z,20,2,2016,A,3430.6414,N,13612.6019,E,494.8,A,7,1*4B
$BNRDD,65002,2026-05-08T02:09:30Z,21,2,2018,A,3430.6408,N,13612.6110,E,494.9,A,8,1*4B
$BNRDD,65002,2026-05-08T02:09:35Z,23,2,2020,A,3430.6408,N,13612.6200,E,495.0,A,9,1*4C
$BNRDD,65002,2026-05-08T02:09:40Z,24,2,2022,A,3430.6408,N,13612.6291,E,495.2,A,8,1*40
$BNRDD,65002,2026-05-08T02:09:45Z,22,2,2024,A,3430.6400,N,13612.6381,E,495.3,A,8,1*4C
$BNRDD,65002,2026-05-08T02:09:50Z,24,2,2026,A,3430.6376,N,13612.6467,E,495.4,A,7,1*4D
$BNRDD,65002,2026-05-08T02:09:55Z,25,2,2028,A,3430.6360,N,13612.6554,E,495.5,A,7,1*40
$BNRDD,65002,2026-05-08T02:10:00Z,18,2,2030,A,3430.6360,N,13612.6645,E,495.7,A,8,1*41
$BNRDD,65002,2026-05-08T02:10:05Z,17,1,2031,A,3430.6365,N,13612.6736,E,495.8,A,10,1*7F
$BNRDD,65002,2026-05-08T02:10:10Z,21,2,2033,A,3430.6367,N,13612.6827,E,495.9,A,8,1*4A
$BNRDD,65002,2026-05-08T02:10:15Z,21,2,2035,A,3430.6370,N,13612.6917,E,496.1,A,10,1*7F
$BNRDD,65002,2026-05-08T02:10:20Z,22,2,2037,A,3430.6352,N,13612.7004,E,496.2,A,8,1*48
$BNRDD,65002,2026-05-08T02:10:25Z,21,2,2039,A,3430.6317,N,13612.7084,E,496.3,A,10,1*71
$BNRDD,65002,2026-05-08T02:10:30Z,17,1,2040,A,3430.6282,N,13612.7164,E,496.5,A,10,1*79
$BNRDD,65002,2026-05-08T02:10:35Z,19,2,2042,A,3430.6243,N,13612.7243,E,496.6,A,8,1*42
$BNRDD,65002,2026-05-08T02:10:40Z,19,2,2044,A,3430.6211,N,13612.7325,E,496.7,A,10,1*78
$BNRDD,65002,2026-05-08T02:10:45Z,21,2,2046,A,3430.6173,N,13612.7403,E,496.8,A,8,1*46
$BNRDD,65002,2026-05-08T02:10:50Z,18,2,2048,A,3430.6136,N,13612.7482,E,497.0,A,10,1*7E
$BNRDD,65002,2026-05-08T02:10:55Z,25,2,2050,A,3430.6098,N,13612.7561,E,497.1,A,10,1*74
$BNRDD,65002,2026-05-08T02:11:00Z,22,2,2052,A,3430.6070,N,13612.7645,E,497.2,A,10,1*70
$BNRDD,65002,2026-05-08T02:11:05Z,18,2,2054,A,3430.6047,N,13612.7731,E,497.4,A,8,1*43
$BNRDD,65002,2026-05-08T02:11:10Z,24,2,2056,A,3430.6025,N,13612.7818,E,497.5,A,8,1*4B
$BNRDD,65002,2026-05-08T02:11:15Z,18,2,2058,A,3430.6006,N,13612.7906,E,497.6,A,9,1*42
$BNRDD,65002,2026-05-08T02:11:20Z,23,2,2060,A,3430.5988,N,13612.7994,E,497.8,A,9,1*4E
$BNRDD,65002,2026-05-08T02:11:25Z,25,2,2062,A,3430.6027,N,13612.8067,E,497.9,A,7,1*45
$BNRDD,65002,2026-05-08T02:11:30Z,24,2,2064,A,3430.6089,N,13612.8113,E,498.0,A,7,1*46
$BNRDD,65002,2026-05-08T02:11:35Z,22,2,2066,A,3430.6158,N,13612.8150,E,498.1,A,9,1*42
$BNRDD,65002,2026-05-08T02:11:40Z,26,2,2068,A,3430.6132,N,13612.8139,E,498.3,A,10,1*73
$BNRDD,65002,2026-05-08T02:11:45Z,25,2,2070,A,3430.6065,N,13612.8098,E,498.4,A,8,1*4B
$BNRDD,65002,2026-05-08T02:11:50Z,25,2,2072,A,3430.6006,N,13612.8046,E,498.5,A,8,1*4A
$BNRDD,65002,2026-05-08T02:11:55Z,20,2,2074,A,3430.5993,N,13612.7961,E,498.7,A,10,1*72
$BNRDD,65002,2026-05-08T02:12:00Z,25,2,2076,A,3430.6012,N,13612.7873,E,498.8,A,10,1*78
$BNRDD,65002,2026-05-08T02:12:05Z,19,2,2078,A,3430.6033,N,13612.7786,E,498.9,A,7,1*4D
$BNRDD,65002,2026-05-08T02:12:10Z,20,2,2080,A,3430.6055,N,13612.7699,E,499.0,A,10,1*75
$BNRDD,65002,2026-05-08T02:12:15Z,23,2,2082,A,3430.6080,N,13612.7613,E,499.2,A,7,1*4F
$BNRDD,65002,2026-05-08T02:12:20Z,21,2,2084,A,3430.6112,N,13612.7532,E,499.3,A,7,1*46
$BNRDD,65002,2026-05-08T02:12:25Z,21,2,2086,A,3430.6150,N,13612.7453,E,499.4,A,9,1*48
$BNRDD,65002,2026-05-08T02:12:30Z,21,2,2088,A,3430.6187,N,13612.7374,E,499.6,A,9,1*48
$BNRDD,65002,2026-05-08T02:12:35Z,20,2,2090,A,3430.6223,N,13612.7295,E,499.7,A,10,1*7F
$BNRDD,65002,2026-05-08T02:12:40Z,21,2,2092,A,3430.6257,N,13612.7214,E,499.8,A,10,1*7B
$BNRDD,65002,2026-05-08T02:12:45Z,19,2,2094,A,3430.6295,N,13612.7136,E,500.0,A,10,1*77
$BNRDD,65002,2026-05-08T02:12:50Z,17,1,2095,A,3430.6330,N,13612.7055,E,500.1,A,7,1*42
$BNRDD,65002,2026-05-08T02:12:55Z,17,1,2096,A,3430.6363,N,13612.6973,E,500.2,A,9,1*43
$BNRDD,65002,2026-05-08T02:13:00Z,20,2,2098,A,3430.6372,N,13612.6884,E,500.3,A,10,1*7B
$BNRDD,65002,2026-05-08T02:13:05Z,21,2,2100,A,3430.6366,N,13612.6794,E,500.5,A,7,1*44
$BNRDD,65002,2026-05-08T02:13:10Z,20,2,2102,A,3430.6363,N,13612.6703,E,500.6,A,7,1*4B
$BNRDD,65002,2026-05-08T02:13:15Z,21,2,2104,A,3430.6360,N,13612.6612,E,500.7,A,7,1*4A
$BNRDD,65002,2026-05-08T02:13:20Z,23,2,2106,A,3430.6364,N,13612.6521,E,500.9,A,10,1*73
$BNRDD,65002,2026-05-08T02:13:25Z,26,2,2108,A,3430.6386,N,13612.6437,E,501.0,A,7,1*49
$BNRDD,65002,2026-05-08T02:13:30Z,27,2,2110,A,3430.6406,N,13612.6350,E,501.1,A,7,1*4D
$BNRDD,65002,2026-05-08T02:13:35Z,25,2,2112,A,3430.6408,N,13612.6259,E,501.3,A,8,1*43
$BNRDD,65002,2026-05-08T02:13:40Z,22,2,2114,A,3430.6408,N,13612.6168,E,501.4,A,7,1*49
$BNRDD,65002,2026-05-08T02:13:45Z,20,2,2116,A,3430.6410,N,13612.6077,E,501.5,A,9,1*45
$BNRDD,65002,2026-05-08T02:13:50Z,22,2,2118,A,3430.6414,N,13612.5987,E,501.6,A,7,1*41
$BNRDD,65002,2026-05-08T02:13:55Z,24,2,2120,A,3430.6398,N,13612.5899,E,501.8,A,9,1*44
$BNRDD,65002,2026-05-08T02:14:00Z,24,2,2122,A,3430.6350,N,13612.5831,E,501.9,A,7,1*48
$BNRDD,65002,2026-05-08T02:14:05Z,23,2,2124,A,3430.6299,N,13612.5765,E,502.0,A,10,1*7A
$BNRDD,65002,2026-05-08T02:14:10Z,21,2,2126,A,3430.6256,N,13612.5691,E,502.2,A,10,1*75
$BNRDD,65002,2026-05-08T02:14:15Z,21,2,2128,A,3430.6284,N,13612.5627,E,502.3,A,9,1*45
$BNRDD,65002,2026-05-08T02:14:20Z,21,2,2130,A,3430.6343,N,13612.5571,E,502.4,A,7,1*49
$BNRDD,65002,2026-05-08T02:14:25Z,21,2,2132,A,3430.6394,N,13612.5506,E,502.6,A,9,1*48
$BNRDD,65002,2026-05-08T02:14:30Z,21,2,2134,A,3430.6433,N,13612.5428,E,502.7,A,7,1*42
$BNRDD,65002,2026-05-08T02:14:35Z,24,2,2136,A,3430.6465,N,13612.5346,E,502.8,A,9,1*4D
$BNRDD,65002,2026-05-08T02:14:40Z,22,2,2138,A,3430.6474,N,13612.5257,E,502.9,A,9,1*47
$BNRDD,65002,2026-05-08T02:14:45Z,22,2,2140,A,3430.6468,N,13612.5166,E,503.1,A,8,1*49
$BNRDD,65002,2026-05-08T02:14:50Z,23,2,2142,A,3430.6468,N,13612.5075,E,503.2,A,10,1*77
$BNRDD,65002,2026-05-08T02:14:55Z,18,2,2144,A,3430.6468,N,13612.4984,E,503.3,A,8,1*42
$BNRDD,65002,2026-05-08T02:15:00Z,21,2,2146,A,3430.6468,N,13612.4893,E,503.5,A,10,1*73
$BNRDD,65002,2026-05-08T02:15:05Z,20,2,2148,A,3430.6481,N,13612.4804,E,503.6,A,7,1*45
$BNRDD,65002,2026-05-08T02:15:10Z,21,2,2150,A,3430.6520,N,13612.4726,E,503.7,A,8,1*42
$BNRDD,65002,2026-05-08T02:15:15Z,23,2,2152,A,3430.6571,N,13612.4660,E,503.9,A,7,1*41
$BNRDD,65002,2026-05-08T02:15:20Z,21,2,2154,A,3430.6609,N,13612.4582,E,504.0,A,10,1*78
$BNRDD,65002,2026-05-08T02:15:25Z,23,2,2156,A,3430.6648,N,13612.4504,E,504.1,A,10,1*77
$BNRDD,65002,2026-05-08T02:15:30Z,21,2,2158,A,3430.6692,N,13612.4431,E,504.2,A,8,1*45
$BNRDD,65002,2026-05-08T02:15:35Z,25,2,2160,A,3430.6728,N,13612.4351,E,504.4,A,9,1*49
$BNRDD,65002,2026-05-08T02:15:40Z,19,2,2162,A,3430.6747,N,13612.4264,E,504.5,A,9,1*49
$BNRDD,65002,2026-05-08T02:15:45Z,23,2,2164,A,3430.6762,N,13612.4175,E,504.6,A,9,1*44
$BNRDD,65002,2026-05-08T02:15:50Z,21,2,2166,A,3430.6764,N,13612.4084,E,504.8,A,10,1*7F
$BNRDD,65002,2026-05-08T02:15:55Z,21,2,2168,A,3430.6771,N,13612.3993,E,504.9,A,10,1*79
$BNRDD,65002,2026-05-08T02:16:00Z,22,2,2170,A,3430.6774,N,13612.3902,E,505.0,A,8,1*4C
$BNRDD,65002,2026-05-08T02:16:05Z,20,2,2172,A,3430.6781,N,13612.3812,E,505.2,A,10,1*78
$BNRDD,65002,2026-05-08T02:16:10Z,20,2,2174,A,3430.6808,N,13612.3729,E,505.3,A,9,1*4A
$BNRDD,65002,2026-05-08T02:16:15Z,19,2,2176,A,3430.6851,N,13612.3654,E,505.4,A,7,1*49
$BNRDD,65002,2026-05-08T02:16:20Z,21,2,2178,A,3430.6892,N,13612.3578,E,505.5,A,8,1*46
$BNRDD,65002,2026-05-08T02:16:25Z,20,2,2180,A,3430.6935,N,13612.3505,E,505.7,A,9,1*40
$BNRDD,65002,2026-05-08T02:16:30Z,21,2,2182,A,3430.6974,N,13612.3427,E,505.8,A,9,1*4C
$BNRDD,65002,2026-05-08T02:16:35Z,22,2,2184,A,3430.7010,N,13612.3347,E,505.9,A,9,1*46
$BNRDD,65002,2026-05-08T02:16:40Z,18,2,2186,A,3430.7045,N,13612.3267,E,506.1,A,8,1*46
$BNRDD,65002,2026-05-08T02:16:45Z,22,2,2188,A,3430.7079,N,13612.3186,E,506.2,A,10,1*7D
$BNRDD,65002,2026-05-08T02:16:50Z,21,2,2190,A,3430.7114,N,13612.3105,E,506.3,A,9,1*4B
$BNRDD,65002,2026-05-08T02:16:55Z,21,2,2192,A,3430.7147,N,13612.3024,E,506.4,A,10,1*77
$BNRDD,65002,2026-05-08T02:17:00Z,20,2,2194,A,3430.7181,N,13612.2943,E,506.6,A,7,1*46
$BNRDD,65002,2026-05-08T02:17:05Z,27,2,2196,A,3430.7210,N,13612.2859,E,506.7,A,7,1*46
$BNRDD,65002,2026-05-08T02:17:10Z,19,2,2198,A,3430.7241,N,13612.2776,E,506.8,A,8,1*47
$BNRDD,65002,2026-05-08T02:17:15Z,18,2,2200,A,3430.7272,N,13612.2694,E,507.0,A,7,1*4A
$BNRDD,65002,2026-05-08T02:17:20Z,22,2,2202,A,3430.7305,N,13612.2612,E,507.1,A,10,1*7F
$BNRDD,65002,2026-05-08T02:17:25Z,22,2,2204,A,3430.7337,N,13612.2530,E,507.2,A,7,1*4B
$BNRDD,65002,2026-05-08T02:17:30Z,21,2,2206,A,3430.7385,N,13612.2465,E,507.4,A,9,1*4E
$BNRDD,65002,2026-05-08T02:17:35Z,34,3,2209,A,3430.7445,N,13612.2410,E,507.5,A,9,1*49
$BNRDD,65002,2026-05-08T02:17:40Z,29,2,2211,A,3430.7505,N,13612.2357,E,507.6,A,8,1*4C
$BNRDD,65002,2026-05-08T02:17:45Z,35,3,2214,A,3430.7561,N,13612.2297,E,507.7,A,10,1*77
$BNRDD,65002,2026-05-08T02:17:50Z,35,3,2217,A,3430.7621,N,13612.2242,E,507.9,A,7,1*47
$BNRDD,65002,2026-05-08T02:17:55Z,31,3,2220,A,3430.7674,N,13612.2178,E,508.0,A,8,1*41
$BNRDD,65002,2026-05-08T02:18:00Z,27,2,2222,A,3430.7732,N,13612.2120,E,508.1,A,9,1*44
$BNRDD,65002,2026-05-08T02:18:05Z,29,2,2224,A,3430.7790,N,13612.2062,E,508.3,A,8,1*45
$BNRDD,65002,2026-05-08T02:18:10Z,31,3,2227,A,3430.7850,N,13612.2008,E,508.4,A,8,1*42
$BNRDD,65002,2026-05-08T02:18:15Z,30,2,2229,A,3430.7908,N,13612.1950,E,508.5,A,10,1*7A
$BNRDD,65002,2026-05-08T02:18:20Z,23,2,2231,A,3430.7964,N,13612.1891,E,508.7,A,7,1*45
$BNRDD,65002,2026-05-08T02:18:25Z,29,2,2233,A,3430.8022,N,13612.1834,E,508.8,A,9,1*42
$BNRDD,65002,2026-05-08T02:18:30Z,31,3,2236,A,3430.8078,N,13612.1773,E,508.9,A,8,1*48
$BNRDD,65002,2026-05-08T02:18:35Z,25,2,2238,A,3430.8134,N,13612.1713,E,509.0,A,9,1*41
$BNRDD,65002,2026-05-08T02:18:40Z,26,2,2240,A,3430.8194,N,13612.1658,E,509.2,A,8,1*48
$BNRDD,65002,2026-05-08T02:18:45Z,20,2,2242,A,3430.8252,N,13612.1600,E,509.3,A,7,1*43
$BNRDD,65002,2026-05-08T02:18:50Z,31,3,2245,A,3430.8232,N,13612.1517,E,509.4,A,8,1*4A
$BNRDD,65002,2026-05-08T02:18:55Z,31,3,2248,A,3430.8204,N,13612.1433,E,509.6,A,10,1*7B
$BNRDD,65002,2026-05-08T02:19:00Z,35,3,2251,A,3430.8178,N,13612.1347,E,509.7,A,9,1*43
$BNRDD,65002,2026-05-08T02:19:05Z,30,2,2253,A,3430.8153,N,13612.1262,E,509.8,A,9,1*40
$BNRDD,65002,2026-05-08T02:19:10Z,29,2,2255,A,3430.8126,N,13612.1177,E,510.0,A,9,1*4F
